Component: ARM Compiler 5.05 update 1 (build 106) Tool: armlink [4d0efa]

==============================================================================

Section Cross References

    main.o(i.BSP_init) refers to main.o(i.adc_gpio_init) for adc_gpio_init
    main.o(i.BSP_init) refers to main.o(i.adc_config) for adc_config
    main.o(i.BSP_init) refers to main.o(i.adc_dma_init) for adc_dma_init
    main.o(i.BSP_init) refers to main.o(i.TIM14_Config) for TIM14_Config
    main.o(i.BSP_init) refers to main.o(i.TIM3_Config) for TIM3_Config
    main.o(i.BSP_init) refers to main.o(i.GPIO_PWMOUT_Config) for GPIO_PWMOUT_Config
    main.o(i.BSP_init) refers to main.o(i.GPIO_DEINIT_ALL) for GPIO_DEINIT_ALL
    main.o(i.DMA1_Channel1_IRQHandler) refers to stm32f0xx_dma.o(i.DMA_GetITStatus) for DMA_GetITStatus
    main.o(i.DMA1_Channel1_IRQHandler) refers to stm32f0xx_dma.o(i.DMA_ClearITPendingBit) for DMA_ClearITPendingBit
    main.o(i.DMA1_Channel1_IRQHandler) refers to main.o(.bss) for adc_dma_tab
    main.o(i.DMA1_Channel1_IRQHandler) refers to main.o(.data) for ADCIndex
    main.o(i.FlashCheck) refers to main.o(i.Formula_100) for Formula_100
    main.o(i.FlashCheck) refers to main.o(.data) for FormulaResult
    main.o(i.FlashCheck) refers to main.o(.bss) for D
    main.o(i.Formula_100) refers to main.o(.data) for UID
    main.o(i.Formula_CRC16) refers to main.o(.data) for Fml_CRC16
    main.o(i.GPIO_DEINIT_ALL) refers to stm32f0xx_rcc.o(i.RCC_AHBPeriphClockCmd) for RCC_AHBPeriphClockCmd
    main.o(i.GPIO_DEINIT_ALL) refers to stm32f0xx_gpio.o(i.GPIO_StructInit) for GPIO_StructInit
    main.o(i.GPIO_DEINIT_ALL) refers to stm32f0xx_gpio.o(i.GPIO_Init) for GPIO_Init
    main.o(i.GPIO_INIT) refers to stm32f0xx_rcc.o(i.RCC_AHBPeriphClockCmd) for RCC_AHBPeriphClockCmd
    main.o(i.GPIO_INIT) refers to stm32f0xx_gpio.o(i.GPIO_StructInit) for GPIO_StructInit
    main.o(i.GPIO_INIT) refers to stm32f0xx_gpio.o(i.GPIO_Init) for GPIO_Init
    main.o(i.GPIO_PWMOUT_Config) refers to stm32f0xx_rcc.o(i.RCC_AHBPeriphClockCmd) for RCC_AHBPeriphClockCmd
    main.o(i.GPIO_PWMOUT_Config) refers to stm32f0xx_gpio.o(i.GPIO_Init) for GPIO_Init
    main.o(i.IWDG_Config) refers to stm32f0xx_rcc.o(i.RCC_GetFlagStatus) for RCC_GetFlagStatus
    main.o(i.IWDG_Config) refers to stm32f0xx_rcc.o(i.RCC_ClearFlag) for RCC_ClearFlag
    main.o(i.IWDG_Config) refers to stm32f0xx_iwdg.o(i.IWDG_WriteAccessCmd) for IWDG_WriteAccessCmd
    main.o(i.IWDG_Config) refers to stm32f0xx_iwdg.o(i.IWDG_SetPrescaler) for IWDG_SetPrescaler
    main.o(i.IWDG_Config) refers to stm32f0xx_iwdg.o(i.IWDG_SetReload) for IWDG_SetReload
    main.o(i.IWDG_Config) refers to stm32f0xx_iwdg.o(i.IWDG_ReloadCounter) for IWDG_ReloadCounter
    main.o(i.IWDG_Config) refers to stm32f0xx_iwdg.o(i.IWDG_Enable) for IWDG_Enable
    main.o(i.ProgramCheck) refers to flash.o(i.ReadFlash) for ReadFlash
    main.o(i.ProgramCheck) refers to process.o(i.ResetParameter) for ResetParameter
    main.o(i.ProgramCheck) refers to flash.o(i.WriteFlash) for WriteFlash
    main.o(i.ProgramCheck) refers to main.o(i.DelaymsSet) for DelaymsSet
    main.o(i.ProgramCheck) refers to main.o(.data) for ProgramCounter
    main.o(i.RCC_Configuration) refers to stm32f0xx_rcc.o(i.RCC_PLLConfig) for RCC_PLLConfig
    main.o(i.RCC_Configuration) refers to stm32f0xx_rcc.o(i.RCC_PLLCmd) for RCC_PLLCmd
    main.o(i.RCC_Configuration) refers to stm32f0xx_rcc.o(i.RCC_ADCCLKConfig) for RCC_ADCCLKConfig
    main.o(i.RCC_Configuration) refers to stm32f0xx_rcc.o(i.RCC_GetFlagStatus) for RCC_GetFlagStatus
    main.o(i.RCC_Configuration) refers to stm32f0xx_rcc.o(i.RCC_SYSCLKConfig) for RCC_SYSCLKConfig
    main.o(i.RCC_Configuration) refers to stm32f0xx_rcc.o(i.RCC_GetSYSCLKSource) for RCC_GetSYSCLKSource
    main.o(i.TIM14_Config) refers to stm32f0xx_rcc.o(i.RCC_APB1PeriphClockCmd) for RCC_APB1PeriphClockCmd
    main.o(i.TIM14_Config) refers to stm32f0xx_tim.o(i.TIM_DeInit) for TIM_DeInit
    main.o(i.TIM14_Config) refers to stm32f0xx_misc.o(i.NVIC_Init) for NVIC_Init
    main.o(i.TIM14_Config) refers to stm32f0xx_tim.o(i.TIM_TimeBaseStructInit) for TIM_TimeBaseStructInit
    main.o(i.TIM14_Config) refers to stm32f0xx_tim.o(i.TIM_TimeBaseInit) for TIM_TimeBaseInit
    main.o(i.TIM14_Config) refers to stm32f0xx_tim.o(i.TIM_Cmd) for TIM_Cmd
    main.o(i.TIM14_IRQHandler) refers to stm32f0xx_tim.o(i.TIM_GetITStatus) for TIM_GetITStatus
    main.o(i.TIM14_IRQHandler) refers to process.o(i.scan_key) for scan_key
    main.o(i.TIM14_IRQHandler) refers to stm32f0xx_tim.o(i.TIM_ClearITPendingBit) for TIM_ClearITPendingBit
    main.o(i.TIM14_IRQHandler) refers to process.o(.data) for scan_tick
    main.o(i.TIM1_BRK_UP_TRG_COM_IRQHandler) refers to stm32f0xx_tim.o(i.TIM_GetITStatus) for TIM_GetITStatus
    main.o(i.TIM1_BRK_UP_TRG_COM_IRQHandler) refers to stm32f0xx_tim.o(i.TIM_ClearFlag) for TIM_ClearFlag
    main.o(i.TIM1_BRK_UP_TRG_COM_IRQHandler) refers to stm32f0xx_adc.o(i.ADC_StartOfConversion) for ADC_StartOfConversion
[...]
    Removing stm32f0xx_dac.o(i.DAC_StructInit), (12 bytes).
    Removing stm32f0xx_dac.o(i.DAC_WaveGenerationCmd), (44 bytes).
    Removing stm32f0xx_dbgmcu.o(.rev16_text), (4 bytes).
    Removing stm32f0xx_dbgmcu.o(.revsh_text), (4 bytes).
    Removing stm32f0xx_dbgmcu.o(i.DBGMCU_APB1PeriphConfig), (32 bytes).
    Removing stm32f0xx_dbgmcu.o(i.DBGMCU_APB2PeriphConfig), (32 bytes).
    Removing stm32f0xx_dbgmcu.o(i.DBGMCU_Config), (32 bytes).
    Removing stm32f0xx_dbgmcu.o(i.DBGMCU_GetDEVID), (16 bytes).
    Removing stm32f0xx_dbgmcu.o(i.DBGMCU_GetREVID), (12 bytes).
    Removing stm32f0xx_dma.o(.rev16_text), (4 bytes).
    Removing stm32f0xx_dma.o(.revsh_text), (4 bytes).
    Removing stm32f0xx_dma.o(i.DMA_ClearFlag), (32 bytes).
    Removing stm32f0xx_dma.o(i.DMA_GetCurrDataCounter), (8 bytes).
    Removing stm32f0xx_dma.o(i.DMA_GetFlagStatus), (52 bytes).
    Removing stm32f0xx_dma.o(i.DMA_RemapConfig), (52 bytes).
    Removing stm32f0xx_dma.o(i.DMA_SetCurrDataCounter), (4 bytes).
    Removing stm32f0xx_exti.o(.rev16_text), (4 bytes).
    Removing stm32f0xx_exti.o(.revsh_text), (4 bytes).
    Removing stm32f0xx_exti.o(i.EXTI_ClearFlag), (12 bytes).
    Removing stm32f0xx_exti.o(i.EXTI_ClearITPendingBit), (12 bytes).
    Removing stm32f0xx_exti.o(i.EXTI_DeInit), (32 bytes).
    Removing stm32f0xx_exti.o(i.EXTI_GenerateSWInterrupt), (16 bytes).
    Removing stm32f0xx_exti.o(i.EXTI_GetFlagStatus), (28 bytes).
    Removing stm32f0xx_exti.o(i.EXTI_GetITStatus), (28 bytes).
    Removing stm32f0xx_exti.o(i.EXTI_Init), (136 bytes).
    Removing stm32f0xx_exti.o(i.EXTI_StructInit), (16 bytes).
    Removing stm32f0xx_flash.o(.rev16_text), (4 bytes).
    Removing stm32f0xx_flash.o(.revsh_text), (4 bytes).
    Removing stm32f0xx_flash.o(i.FLASH_EraseAllPages), (72 bytes).
    Removing stm32f0xx_flash.o(i.FLASH_GetFlagStatus), (28 bytes).
    Removing stm32f0xx_flash.o(i.FLASH_GetPrefetchBufferStatus), (28 bytes).
    Removing stm32f0xx_flash.o(i.FLASH_ITConfig), (32 bytes).
    Removing stm32f0xx_flash.o(i.FLASH_OB_BOOT0Config), (80 bytes).
    Removing stm32f0xx_flash.o(i.FLASH_OB_BOOT0SWConfig), (80 bytes).
    Removing stm32f0xx_flash.o(i.FLASH_OB_BOOTConfig), (80 bytes).
    Removing stm32f0xx_flash.o(i.FLASH_OB_EnableWRP), (184 bytes).
    Removing stm32f0xx_flash.o(i.FLASH_OB_Erase), (152 bytes).
    Removing stm32f0xx_flash.o(i.FLASH_OB_GetRDP), (28 bytes).
    Removing stm32f0xx_flash.o(i.FLASH_OB_GetUser), (16 bytes).
    Removing stm32f0xx_flash.o(i.FLASH_OB_GetWRP), (12 bytes).
    Removing stm32f0xx_flash.o(i.FLASH_OB_Launch), (20 bytes).
    Removing stm32f0xx_flash.o(i.FLASH_OB_Lock), (20 bytes).
    Removing stm32f0xx_flash.o(i.FLASH_OB_ProgramData), (72 bytes).
    Removing stm32f0xx_flash.o(i.FLASH_OB_RDPConfig), (144 bytes).
    Removing stm32f0xx_flash.o(i.FLASH_OB_SRAMParityConfig), (80 bytes).
    Removing stm32f0xx_flash.o(i.FLASH_OB_Unlock), (40 bytes).
    Removing stm32f0xx_flash.o(i.FLASH_OB_UserConfig), (88 bytes).
    Removing stm32f0xx_flash.o(i.FLASH_OB_VDDAConfig), (80 bytes).
    Removing stm32f0xx_flash.o(i.FLASH_OB_WriteUser), (76 bytes).
    Removing stm32f0xx_flash.o(i.FLASH_PrefetchBufferCmd), (36 bytes).
    Removing stm32f0xx_flash.o(i.FLASH_ProgramHalfWord), (68 bytes).
    Removing stm32f0xx_flash.o(i.FLASH_SetLatency), (28 bytes).
    Removing stm32f0xx_gpio.o(.rev16_text), (4 bytes).
    Removing stm32f0xx_gpio.o(.revsh_text), (4 bytes).
    Removing stm32f0xx_gpio.o(i.GPIO_DeInit), (176 bytes).
    Removing stm32f0xx_gpio.o(i.GPIO_PinAFConfig), (68 bytes).
    Removing stm32f0xx_gpio.o(i.GPIO_PinLockConfig), (34 bytes).
    Removing stm32f0xx_gpio.o(i.GPIO_ReadInputData), (6 bytes).
    Removing stm32f0xx_gpio.o(i.GPIO_ReadOutputData), (6 bytes).
    Removing stm32f0xx_gpio.o(i.GPIO_ReadOutputDataBit), (20 bytes).
    Removing stm32f0xx_gpio.o(i.GPIO_Write), (4 bytes).
    Removing stm32f0xx_gpio.o(i.GPIO_WriteBit), (12 bytes).
    Removing stm32f0xx_i2c.o(.rev16_text), (4 bytes).
    Removing stm32f0xx_i2c.o(.revsh_text), (4 bytes).
    Removing stm32f0xx_i2c.o(i.I2C_10BitAddressHeaderCmd), (28 bytes).
    Removing stm32f0xx_i2c.o(i.I2C_10BitAddressingModeCmd), (28 bytes).
    Removing stm32f0xx_i2c.o(i.I2C_AcknowledgeConfig), (28 bytes).
    Removing stm32f0xx_i2c.o(i.I2C_AutoEndCmd), (28 bytes).
    Removing stm32f0xx_i2c.o(i.I2C_CalculatePEC), (28 bytes).
    Removing stm32f0xx_i2c.o(i.I2C_ClearFlag), (4 bytes).
    Removing stm32f0xx_i2c.o(i.I2C_ClearITPendingBit), (4 bytes).
    Removing stm32f0xx_i2c.o(i.I2C_ClockTimeoutCmd), (28 bytes).
    Removing stm32f0xx_i2c.o(i.I2C_Cmd), (24 bytes).
    Removing stm32f0xx_i2c.o(i.I2C_DMACmd), (20 bytes).
    Removing stm32f0xx_i2c.o(i.I2C_DeInit), (56 bytes).
    Removing stm32f0xx_i2c.o(i.I2C_DualAddressCmd), (28 bytes).
    Removing stm32f0xx_i2c.o(i.I2C_ExtendedClockTimeoutCmd), (26 bytes).
    Removing stm32f0xx_i2c.o(i.I2C_GeneralCallCmd), (28 bytes).
    Removing stm32f0xx_i2c.o(i.I2C_GenerateSTART), (28 bytes).
    Removing stm32f0xx_i2c.o(i.I2C_GenerateSTOP), (28 bytes).
    Removing stm32f0xx_i2c.o(i.I2C_GetAddressMatched), (14 bytes).
    Removing stm32f0xx_i2c.o(i.I2C_GetFlagStatus), (28 bytes).
    Removing stm32f0xx_i2c.o(i.I2C_GetITStatus), (78 bytes).
    Removing stm32f0xx_i2c.o(i.I2C_GetPEC), (8 bytes).
    Removing stm32f0xx_i2c.o(i.I2C_GetTransferDirection), (30 bytes).
    Removing stm32f0xx_i2c.o(i.I2C_ITConfig), (20 bytes).
    Removing stm32f0xx_i2c.o(i.I2C_IdleClockTimeoutCmd), (28 bytes).
    Removing stm32f0xx_i2c.o(i.I2C_Init), (108 bytes).
    Removing stm32f0xx_i2c.o(i.I2C_MasterRequestConfig), (28 bytes).
    Removing stm32f0xx_i2c.o(i.I2C_NumberOfBytesConfig), (28 bytes).
    Removing stm32f0xx_i2c.o(i.I2C_OwnAddress2Config), (36 bytes).
    Removing stm32f0xx_i2c.o(i.I2C_PECRequestCmd), (28 bytes).
    Removing stm32f0xx_i2c.o(i.I2C_ReadRegister), (22 bytes).
    Removing stm32f0xx_i2c.o(i.I2C_ReceiveData), (8 bytes).
    Removing stm32f0xx_i2c.o(i.I2C_ReloadCmd), (28 bytes).
    Removing stm32f0xx_i2c.o(i.I2C_SMBusAlertCmd), (28 bytes).
    Removing stm32f0xx_i2c.o(i.I2C_SendData), (4 bytes).
    Removing stm32f0xx_i2c.o(i.I2C_SlaveAddressConfig), (20 bytes).
    Removing stm32f0xx_i2c.o(i.I2C_SlaveByteControlCmd), (28 bytes).
    Removing stm32f0xx_i2c.o(i.I2C_SoftwareResetCmd), (20 bytes).
    Removing stm32f0xx_i2c.o(i.I2C_StopModeCmd), (28 bytes).
    Removing stm32f0xx_i2c.o(i.I2C_StretchClockCmd), (28 bytes).
    Removing stm32f0xx_i2c.o(i.I2C_StructInit), (24 bytes).
    Removing stm32f0xx_i2c.o(i.I2C_TimeoutAConfig), (20 bytes).
    Removing stm32f0xx_i2c.o(i.I2C_TimeoutBConfig), (32 bytes).
    Removing stm32f0xx_i2c.o(i.I2C_TransferHandling), (44 bytes).
    Removing stm32f0xx_iwdg.o(.rev16_text), (4 bytes).
    Removing stm32f0xx_iwdg.o(.revsh_text), (4 bytes).
    Removing stm32f0xx_iwdg.o(i.IWDG_GetFlagStatus), (28 bytes).
    Removing stm32f0xx_iwdg.o(i.IWDG_SetWindowValue), (12 bytes).
    Removing stm32f0xx_misc.o(.rev16_text), (4 bytes).
    Removing stm32f0xx_misc.o(.revsh_text), (4 bytes).
    Removing stm32f0xx_misc.o(i.NVIC_SystemLPConfig), (32 bytes).
    Removing stm32f0xx_misc.o(i.SysTick_CLKSourceConfig), (36 bytes).
    Removing stm32f0xx_pwr.o(.rev16_text), (4 bytes).
    Removing stm32f0xx_pwr.o(.revsh_text), (4 bytes).
    Removing stm32f0xx_pwr.o(i.PWR_BackupAccessCmd), (40 bytes).
    Removing stm32f0xx_pwr.o(i.PWR_ClearFlag), (20 bytes).
    Removing stm32f0xx_pwr.o(i.PWR_DeInit), (22 bytes).
    Removing stm32f0xx_pwr.o(i.PWR_EnterSTANDBYMode), (36 bytes).
    Removing stm32f0xx_pwr.o(i.PWR_EnterSTOPMode), (100 bytes).
    Removing stm32f0xx_pwr.o(i.PWR_EnterSleepMode), (32 bytes).
    Removing stm32f0xx_pwr.o(i.PWR_GetFlagStatus), (28 bytes).
    Removing stm32f0xx_pwr.o(i.PWR_PVDCmd), (36 bytes).
    Removing stm32f0xx_pwr.o(i.PWR_PVDLevelConfig), (32 bytes).
    Removing stm32f0xx_pwr.o(i.PWR_WakeUpPinCmd), (32 bytes).
    Removing stm32f0xx_rcc.o(.rev16_text), (4 bytes).
    Removing stm32f0xx_rcc.o(.revsh_text), (4 bytes).
    Removing stm32f0xx_rcc.o(i.RCC_AHBPeriphResetCmd), (32 bytes).
    Removing stm32f0xx_rcc.o(i.RCC_AdjustHSI14CalibrationValue), (32 bytes).
    Removing stm32f0xx_rcc.o(i.RCC_AdjustHSICalibrationValue), (32 bytes).
    Removing stm32f0xx_rcc.o(i.RCC_BackupResetCmd), (40 bytes).
    Removing stm32f0xx_rcc.o(i.RCC_CECCLKConfig), (28 bytes).
    Removing stm32f0xx_rcc.o(i.RCC_ClearITPendingBit), (12 bytes).
    Removing stm32f0xx_rcc.o(i.RCC_ClockSecuritySystemCmd), (40 bytes).
    Removing stm32f0xx_rcc.o(i.RCC_DeInit), (120 bytes).
    Removing stm32f0xx_rcc.o(i.RCC_GetITStatus), (28 bytes).
    Removing stm32f0xx_rcc.o(i.RCC_HCLKConfig), (32 bytes).
    Removing stm32f0xx_rcc.o(i.RCC_HSEConfig), (16 bytes).
    Removing stm32f0xx_rcc.o(i.RCC_HSI14ADCRequestCmd), (36 bytes).
    Removing stm32f0xx_rcc.o(i.RCC_HSI14Cmd), (36 bytes).
    Removing stm32f0xx_rcc.o(i.RCC_HSI48Cmd), (40 bytes).
    Removing stm32f0xx_rcc.o(i.RCC_HSICmd), (36 bytes).
    Removing stm32f0xx_rcc.o(i.RCC_I2CCLKConfig), (28 bytes).
    Removing stm32f0xx_rcc.o(i.RCC_ITConfig), (32 bytes).
    Removing stm32f0xx_rcc.o(i.RCC_LSEConfig), (40 bytes).
    Removing stm32f0xx_rcc.o(i.RCC_LSEDriveConfig), (28 bytes).
    Removing stm32f0xx_rcc.o(i.RCC_LSICmd), (36 bytes).
    Removing stm32f0xx_rcc.o(i.RCC_MCOConfig), (28 bytes).
    Removing stm32f0xx_rcc.o(i.RCC_PCLKConfig), (36 bytes).
    Removing stm32f0xx_rcc.o(i.RCC_PREDIV1Config), (28 bytes).
    Removing stm32f0xx_rcc.o(i.RCC_RTCCLKCmd), (40 bytes).
    Removing stm32f0xx_rcc.o(i.RCC_RTCCLKConfig), (16 bytes).
    Removing stm32f0xx_rcc.o(i.RCC_USARTCLKConfig), (72 bytes).
    Removing stm32f0xx_rcc.o(i.RCC_USBCLKConfig), (28 bytes).
    Removing stm32f0xx_rcc.o(i.RCC_WaitForHSEStartUp), (60 bytes).
    Removing stm32f0xx_rtc.o(.rev16_text), (4 bytes).
    Removing stm32f0xx_rtc.o(.revsh_text), (4 bytes).
    Removing stm32f0xx_rtc.o(i.RTC_AlarmCmd), (112 bytes).
    Removing stm32f0xx_rtc.o(i.RTC_AlarmStructInit), (22 bytes).
    Removing stm32f0xx_rtc.o(i.RTC_AlarmSubSecondConfig), (40 bytes).
    Removing stm32f0xx_rtc.o(i.RTC_Bcd2ToByte), (26 bytes).
    Removing stm32f0xx_rtc.o(i.RTC_BypassShadowCmd), (52 bytes).
    Removing stm32f0xx_rtc.o(i.RTC_ByteToBcd2), (28 bytes).
    Removing stm32f0xx_rtc.o(i.RTC_CalibOutputCmd), (56 bytes).
    Removing stm32f0xx_rtc.o(i.RTC_CalibOutputConfig), (44 bytes).
    Removing stm32f0xx_rtc.o(i.RTC_ClearFlag), (32 bytes).
    Removing stm32f0xx_rtc.o(i.RTC_ClearITPendingBit), (36 bytes).
    Removing stm32f0xx_rtc.o(i.RTC_DateStructInit), (14 bytes).
    Removing stm32f0xx_rtc.o(i.RTC_DayLightSavingConfig), (48 bytes).
    Removing stm32f0xx_rtc.o(i.RTC_DeInit), (116 bytes).
    Removing stm32f0xx_rtc.o(i.RTC_EnterInitMode), (88 bytes).
    Removing stm32f0xx_rtc.o(i.RTC_ExitInitMode), (20 bytes).
    Removing stm32f0xx_rtc.o(i.RTC_GetAlarm), (120 bytes).
    Removing stm32f0xx_rtc.o(i.RTC_GetAlarmSubSecond), (20 bytes).
    Removing stm32f0xx_rtc.o(i.RTC_GetDate), (96 bytes).
    Removing stm32f0xx_rtc.o(i.RTC_GetFlagStatus), (44 bytes).
    Removing stm32f0xx_rtc.o(i.RTC_GetITStatus), (76 bytes).
    Removing stm32f0xx_rtc.o(i.RTC_GetStoreOperation), (16 bytes).
    Removing stm32f0xx_rtc.o(i.RTC_GetSubSecond), (16 bytes).
    Removing stm32f0xx_rtc.o(i.RTC_GetTime), (92 bytes).
    Removing stm32f0xx_rtc.o(i.RTC_GetTimeStamp), (164 bytes).
    Removing stm32f0xx_rtc.o(i.RTC_GetTimeStampSubSecond), (12 bytes).
    Removing stm32f0xx_rtc.o(i.RTC_GetWakeUpCounter), (12 bytes).
    Removing stm32f0xx_rtc.o(i.RTC_ITConfig), (100 bytes).
    Removing stm32f0xx_rtc.o(i.RTC_Init), (88 bytes).
    Removing stm32f0xx_rtc.o(i.RTC_OutputConfig), (48 bytes).
    Removing stm32f0xx_rtc.o(i.RTC_OutputTypeConfig), (28 bytes).
    Removing stm32f0xx_rtc.o(i.RTC_ReadBackupRegister), (32 bytes).
    Removing stm32f0xx_rtc.o(i.RTC_RefClockCmd), (76 bytes).
    Removing stm32f0xx_rtc.o(i.RTC_SetAlarm), (216 bytes).
    Removing stm32f0xx_rtc.o(i.RTC_SetDate), (208 bytes).
    Removing stm32f0xx_rtc.o(i.RTC_SetTime), (216 bytes).
    Removing stm32f0xx_rtc.o(i.RTC_SetWakeUpCounter), (24 bytes).
    Removing stm32f0xx_rtc.o(i.RTC_SmoothCalibConfig), (96 bytes).
    Removing stm32f0xx_rtc.o(i.RTC_StructInit), (14 bytes).
    Removing stm32f0xx_rtc.o(i.RTC_SynchroShiftConfig), (124 bytes).
    Removing stm32f0xx_rtc.o(i.RTC_TamperCmd), (32 bytes).
    Removing stm32f0xx_rtc.o(i.RTC_TamperFilterConfig), (28 bytes).
    Removing stm32f0xx_rtc.o(i.RTC_TamperPinsPrechargeDuration), (28 bytes).
    Removing stm32f0xx_rtc.o(i.RTC_TamperPullUpCmd), (40 bytes).
    Removing stm32f0xx_rtc.o(i.RTC_TamperSamplingFreqConfig), (28 bytes).
    Removing stm32f0xx_rtc.o(i.RTC_TamperTriggerConfig), (36 bytes).
    Removing stm32f0xx_rtc.o(i.RTC_TimeStampCmd), (64 bytes).
    Removing stm32f0xx_rtc.o(i.RTC_TimeStampOnTamperDetectionCmd), (36 bytes).
    Removing stm32f0xx_rtc.o(i.RTC_TimeStructInit), (12 bytes).
    Removing stm32f0xx_rtc.o(i.RTC_WaitForSynchro), (108 bytes).
    Removing stm32f0xx_rtc.o(i.RTC_WakeUpClockConfig), (40 bytes).
    Removing stm32f0xx_rtc.o(i.RTC_WakeUpCmd), (116 bytes).
    Removing stm32f0xx_rtc.o(i.RTC_WriteBackupRegister), (28 bytes).
    Removing stm32f0xx_rtc.o(i.RTC_WriteProtectionCmd), (28 bytes).
    Removing stm32f0xx_spi.o(.rev16_text), (4 bytes).
    Removing stm32f0xx_spi.o(.revsh_text), (4 bytes).
    Removing stm32f0xx_spi.o(i.I2S_Cmd), (32 bytes).
    Removing stm32f0xx_spi.o(i.I2S_Init), (232 bytes).
    Removing stm32f0xx_spi.o(i.I2S_StructInit), (20 bytes).
    Removing stm32f0xx_spi.o(i.SPI_BiDirectionalLineConfig), (32 bytes).
    Removing stm32f0xx_spi.o(i.SPI_CRCLengthConfig), (20 bytes).
    Removing stm32f0xx_spi.o(i.SPI_CalculateCRC), (32 bytes).
    Removing stm32f0xx_spi.o(i.SPI_Cmd), (28 bytes).
    Removing stm32f0xx_spi.o(i.SPI_DataSizeConfig), (24 bytes).
    Removing stm32f0xx_spi.o(i.SPI_GetCRC), (16 bytes).
    Removing stm32f0xx_spi.o(i.SPI_GetCRCPolynomial), (6 bytes).
    Removing stm32f0xx_spi.o(i.SPI_GetReceptionFIFOStatus), (12 bytes).
    Removing stm32f0xx_spi.o(i.SPI_GetTransmissionFIFOStatus), (12 bytes).
    Removing stm32f0xx_spi.o(i.SPI_I2S_ClearFlag), (6 bytes).
    Removing stm32f0xx_spi.o(i.SPI_I2S_DMACmd), (20 bytes).
    Removing stm32f0xx_spi.o(i.SPI_I2S_DeInit), (60 bytes).
    Removing stm32f0xx_spi.o(i.SPI_I2S_GetFlagStatus), (20 bytes).
    Removing stm32f0xx_spi.o(i.SPI_I2S_GetITStatus), (56 bytes).
    Removing stm32f0xx_spi.o(i.SPI_I2S_ITConfig), (34 bytes).
    Removing stm32f0xx_spi.o(i.SPI_I2S_ReceiveData16), (6 bytes).
    Removing stm32f0xx_spi.o(i.SPI_I2S_SendData16), (4 bytes).
    Removing stm32f0xx_spi.o(i.SPI_Init), (88 bytes).
    Removing stm32f0xx_spi.o(i.SPI_LastDMATransferCmd), (20 bytes).
    Removing stm32f0xx_spi.o(i.SPI_NSSInternalSoftwareConfig), (32 bytes).
    Removing stm32f0xx_spi.o(i.SPI_NSSPulseModeCmd), (28 bytes).
    Removing stm32f0xx_spi.o(i.SPI_ReceiveData8), (12 bytes).
    Removing stm32f0xx_spi.o(i.SPI_RxFIFOThresholdConfig), (20 bytes).
    Removing stm32f0xx_spi.o(i.SPI_SSOutputCmd), (28 bytes).
    Removing stm32f0xx_spi.o(i.SPI_SendData8), (10 bytes).
    Removing stm32f0xx_spi.o(i.SPI_StructInit), (30 bytes).
    Removing stm32f0xx_spi.o(i.SPI_TIModeCmd), (28 bytes).
    Removing stm32f0xx_spi.o(i.SPI_TransmitCRC), (12 bytes).
    Removing stm32f0xx_syscfg.o(.rev16_text), (4 bytes).
    Removing stm32f0xx_syscfg.o(.revsh_text), (4 bytes).
    Removing stm32f0xx_syscfg.o(i.SYSCFG_BreakConfig), (16 bytes).
    Removing stm32f0xx_syscfg.o(i.SYSCFG_ClearFlag), (16 bytes).
    Removing stm32f0xx_syscfg.o(i.SYSCFG_DMAChannelRemapConfig), (32 bytes).
    Removing stm32f0xx_syscfg.o(i.SYSCFG_DeInit), (44 bytes).
    Removing stm32f0xx_syscfg.o(i.SYSCFG_EXTILineConfig), (64 bytes).
    Removing stm32f0xx_syscfg.o(i.SYSCFG_GetFlagStatus), (32 bytes).
    Removing stm32f0xx_syscfg.o(i.SYSCFG_GetPendingIT), (24 bytes).
    Removing stm32f0xx_syscfg.o(i.SYSCFG_I2CFastModePlusConfig), (32 bytes).
    Removing stm32f0xx_syscfg.o(i.SYSCFG_IRDAEnvSelection), (28 bytes).
    Removing stm32f0xx_syscfg.o(i.SYSCFG_MemoryRemapConfig), (28 bytes).
    Removing stm32f0xx_tim.o(.rev16_text), (4 bytes).
    Removing stm32f0xx_tim.o(.revsh_text), (4 bytes).
    Removing stm32f0xx_tim.o(i.TI1_Config), (56 bytes).
    Removing stm32f0xx_tim.o(i.TI2_Config), (76 bytes).
    Removing stm32f0xx_tim.o(i.TI3_Config), (72 bytes).
    Removing stm32f0xx_tim.o(i.TI4_Config), (80 bytes).
    Removing stm32f0xx_tim.o(i.TIM_ARRPreloadConfig), (28 bytes).
    Removing stm32f0xx_tim.o(i.TIM_BDTRConfig), (32 bytes).
    Removing stm32f0xx_tim.o(i.TIM_BDTRStructInit), (18 bytes).
    Removing stm32f0xx_tim.o(i.TIM_CCPreloadControl), (28 bytes).
    Removing stm32f0xx_tim.o(i.TIM_CCxCmd), (30 bytes).
    Removing stm32f0xx_tim.o(i.TIM_CCxNCmd), (30 bytes).
    Removing stm32f0xx_tim.o(i.TIM_ClearOC1Ref), (24 bytes).
    Removing stm32f0xx_tim.o(i.TIM_ClearOC2Ref), (20 bytes).
    Removing stm32f0xx_tim.o(i.TIM_ClearOC3Ref), (24 bytes).
    Removing stm32f0xx_tim.o(i.TIM_ClearOC4Ref), (20 bytes).
    Removing stm32f0xx_tim.o(i.TIM_CounterModeConfig), (24 bytes).
    Removing stm32f0xx_tim.o(i.TIM_CtrlPWMOutputs), (34 bytes).
    Removing stm32f0xx_tim.o(i.TIM_DMACmd), (20 bytes).
    Removing stm32f0xx_tim.o(i.TIM_DMAConfig), (12 bytes).
    Removing stm32f0xx_tim.o(i.TIM_ETRClockMode1Config), (52 bytes).
    Removing stm32f0xx_tim.o(i.TIM_ETRClockMode2Config), (34 bytes).
    Removing stm32f0xx_tim.o(i.TIM_ETRConfig), (24 bytes).
    Removing stm32f0xx_tim.o(i.TIM_EncoderInterfaceConfig), (68 bytes).
    Removing stm32f0xx_tim.o(i.TIM_ForcedOC1Config), (24 bytes).
    Removing stm32f0xx_tim.o(i.TIM_ForcedOC2Config), (24 bytes).
    Removing stm32f0xx_tim.o(i.TIM_ForcedOC3Config), (24 bytes).
    Removing stm32f0xx_tim.o(i.TIM_ForcedOC4Config), (24 bytes).
    Removing stm32f0xx_tim.o(i.TIM_GenerateEvent), (4 bytes).
    Removing stm32f0xx_tim.o(i.TIM_GetCapture1), (6 bytes).
    Removing stm32f0xx_tim.o(i.TIM_GetCapture2), (6 bytes).
    Removing stm32f0xx_tim.o(i.TIM_GetCapture3), (6 bytes).
    Removing stm32f0xx_tim.o(i.TIM_GetCapture4), (6 bytes).
    Removing stm32f0xx_tim.o(i.TIM_GetFlagStatus), (20 bytes).
    Removing stm32f0xx_tim.o(i.TIM_GetPrescaler), (6 bytes).
    Removing stm32f0xx_tim.o(i.TIM_ICInit), (112 bytes).
    Removing stm32f0xx_tim.o(i.TIM_ICStructInit), (18 bytes).
    Removing stm32f0xx_tim.o(i.TIM_ITConfig), (20 bytes).
    Removing stm32f0xx_tim.o(i.TIM_ITRxExternalClockConfig), (24 bytes).
    Removing stm32f0xx_tim.o(i.TIM_InternalClockConfig), (16 bytes).
    Removing stm32f0xx_tim.o(i.TIM_OC1FastConfig), (24 bytes).
    Removing stm32f0xx_tim.o(i.TIM_OC1Init), (148 bytes).
    Removing stm32f0xx_tim.o(i.TIM_OC1NPolarityConfig), (24 bytes).
    Removing stm32f0xx_tim.o(i.TIM_OC1PolarityConfig), (24 bytes).
    Removing stm32f0xx_tim.o(i.TIM_OC1PreloadConfig), (24 bytes).
    Removing stm32f0xx_tim.o(i.TIM_OC2FastConfig), (24 bytes).
    Removing stm32f0xx_tim.o(i.TIM_OC2Init), (172 bytes).
    Removing stm32f0xx_tim.o(i.TIM_OC2NPolarityConfig), (24 bytes).
    Removing stm32f0xx_tim.o(i.TIM_OC2PolarityConfig), (24 bytes).
    Removing stm32f0xx_tim.o(i.TIM_OC2PreloadConfig), (24 bytes).
    Removing stm32f0xx_tim.o(i.TIM_OC3FastConfig), (24 bytes).
    Removing stm32f0xx_tim.o(i.TIM_OC3Init), (152 bytes).
    Removing stm32f0xx_tim.o(i.TIM_OC3NPolarityConfig), (24 bytes).
    Removing stm32f0xx_tim.o(i.TIM_OC3PolarityConfig), (24 bytes).
    Removing stm32f0xx_tim.o(i.TIM_OC3PreloadConfig), (24 bytes).
    Removing stm32f0xx_tim.o(i.TIM_OC4FastConfig), (24 bytes).
    Removing stm32f0xx_tim.o(i.TIM_OC4Init), (112 bytes).
    Removing stm32f0xx_tim.o(i.TIM_OC4PolarityConfig), (24 bytes).
    Removing stm32f0xx_tim.o(i.TIM_OC4PreloadConfig), (24 bytes).
    Removing stm32f0xx_tim.o(i.TIM_OCStructInit), (20 bytes).
    Removing stm32f0xx_tim.o(i.TIM_PWMIConfig), (124 bytes).
    Removing stm32f0xx_tim.o(i.TIM_PrescalerConfig), (6 bytes).
    Removing stm32f0xx_tim.o(i.TIM_RemapConfig), (6 bytes).
    Removing stm32f0xx_tim.o(i.TIM_SelectCCDMA), (28 bytes).
    Removing stm32f0xx_tim.o(i.TIM_SelectCOM), (28 bytes).
    Removing stm32f0xx_tim.o(i.TIM_SelectHallSensor), (28 bytes).
    Removing stm32f0xx_tim.o(i.TIM_SelectInputTrigger), (24 bytes).
    Removing stm32f0xx_tim.o(i.TIM_SelectMasterSlaveMode), (20 bytes).
    Removing stm32f0xx_tim.o(i.TIM_SelectOCREFClear), (20 bytes).
    Removing stm32f0xx_tim.o(i.TIM_SelectOCxM), (82 bytes).
    Removing stm32f0xx_tim.o(i.TIM_SelectOnePulseMode), (20 bytes).
    Removing stm32f0xx_tim.o(i.TIM_SelectOutputTrigger), (20 bytes).
    Removing stm32f0xx_tim.o(i.TIM_SelectSlaveMode), (20 bytes).
    Removing stm32f0xx_tim.o(i.TIM_SetAutoreload), (4 bytes).
    Removing stm32f0xx_tim.o(i.TIM_SetClockDivision), (20 bytes).
    Removing stm32f0xx_tim.o(i.TIM_SetCompare1), (4 bytes).
    Removing stm32f0xx_tim.o(i.TIM_SetCompare2), (4 bytes).
    Removing stm32f0xx_tim.o(i.TIM_SetCompare3), (4 bytes).
    Removing stm32f0xx_tim.o(i.TIM_SetCompare4), (4 bytes).
    Removing stm32f0xx_tim.o(i.TIM_SetIC1Prescaler), (20 bytes).
    Removing stm32f0xx_tim.o(i.TIM_SetIC2Prescaler), (24 bytes).
    Removing stm32f0xx_tim.o(i.TIM_SetIC3Prescaler), (20 bytes).
    Removing stm32f0xx_tim.o(i.TIM_SetIC4Prescaler), (24 bytes).
    Removing stm32f0xx_tim.o(i.TIM_TIxExternalClockConfig), (58 bytes).
    Removing stm32f0xx_tim.o(i.TIM_UpdateDisableConfig), (28 bytes).
    Removing stm32f0xx_tim.o(i.TIM_UpdateRequestConfig), (28 bytes).
    Removing stm32f0xx_usart.o(.rev16_text), (4 bytes).
    Removing stm32f0xx_usart.o(.revsh_text), (4 bytes).
    Removing stm32f0xx_usart.o(i.USART_AddressDetectionConfig), (16 bytes).
    Removing stm32f0xx_usart.o(i.USART_AutoBaudRateCmd), (28 bytes).
    Removing stm32f0xx_usart.o(i.USART_AutoBaudRateConfig), (18 bytes).
    Removing stm32f0xx_usart.o(i.USART_ClearFlag), (4 bytes).
    Removing stm32f0xx_usart.o(i.USART_ClearITPendingBit), (18 bytes).
    Removing stm32f0xx_usart.o(i.USART_ClockInit), (36 bytes).
    Removing stm32f0xx_usart.o(i.USART_ClockStructInit), (12 bytes).
    Removing stm32f0xx_usart.o(i.USART_Cmd), (24 bytes).
    Removing stm32f0xx_usart.o(i.USART_DECmd), (28 bytes).
    Removing stm32f0xx_usart.o(i.USART_DEPolarityConfig), (18 bytes).
    Removing stm32f0xx_usart.o(i.USART_DMACmd), (20 bytes).
    Removing stm32f0xx_usart.o(i.USART_DMAReceptionErrorConfig), (18 bytes).
    Removing stm32f0xx_usart.o(i.USART_DataInvCmd), (28 bytes).
    Removing stm32f0xx_usart.o(i.USART_DeInit), (240 bytes).
    Removing stm32f0xx_usart.o(i.USART_DirectionModeCmd), (20 bytes).
    Removing stm32f0xx_usart.o(i.USART_GetFlagStatus), (20 bytes).
    Removing stm32f0xx_usart.o(i.USART_GetITStatus), (78 bytes).
    Removing stm32f0xx_usart.o(i.USART_HalfDuplexCmd), (24 bytes).
    Removing stm32f0xx_usart.o(i.USART_ITConfig), (66 bytes).
    Removing stm32f0xx_usart.o(i.USART_Init), (248 bytes).
    Removing stm32f0xx_usart.o(i.USART_InvPinCmd), (20 bytes).
    Removing stm32f0xx_usart.o(i.USART_IrDACmd), (24 bytes).
    Removing stm32f0xx_usart.o(i.USART_IrDAConfig), (16 bytes).
    Removing stm32f0xx_usart.o(i.USART_LINBreakDetectLengthConfig), (16 bytes).
    Removing stm32f0xx_usart.o(i.USART_LINCmd), (28 bytes).
    Removing stm32f0xx_usart.o(i.USART_MSBFirstCmd), (28 bytes).
    Removing stm32f0xx_usart.o(i.USART_MuteModeCmd), (28 bytes).
    Removing stm32f0xx_usart.o(i.USART_MuteModeWakeUpConfig), (18 bytes).
    Removing stm32f0xx_usart.o(i.USART_OneBitMethodCmd), (28 bytes).
    Removing stm32f0xx_usart.o(i.USART_OverSampling8Cmd), (28 bytes).
    Removing stm32f0xx_usart.o(i.USART_OverrunDetectionConfig), (18 bytes).
    Removing stm32f0xx_usart.o(i.USART_ReceiveData), (10 bytes).
    Removing stm32f0xx_usart.o(i.USART_ReceiverTimeOutCmd), (28 bytes).
    Removing stm32f0xx_usart.o(i.USART_RequestCmd), (20 bytes).
    Removing stm32f0xx_usart.o(i.USART_STOPModeCmd), (24 bytes).
    Removing stm32f0xx_usart.o(i.USART_SWAPPinCmd), (28 bytes).
    Removing stm32f0xx_usart.o(i.USART_SendData), (8 bytes).
    Removing stm32f0xx_usart.o(i.USART_SetAddress), (18 bytes).
    Removing stm32f0xx_usart.o(i.USART_SetAutoRetryCount), (20 bytes).
    Removing stm32f0xx_usart.o(i.USART_SetBlockLength), (18 bytes).
    Removing stm32f0xx_usart.o(i.USART_SetDEAssertionTime), (20 bytes).
    Removing stm32f0xx_usart.o(i.USART_SetDEDeassertionTime), (20 bytes).
    Removing stm32f0xx_usart.o(i.USART_SetGuardTime), (16 bytes).
    Removing stm32f0xx_usart.o(i.USART_SetPrescaler), (18 bytes).
    Removing stm32f0xx_usart.o(i.USART_SetReceiverTimeOut), (16 bytes).
    Removing stm32f0xx_usart.o(i.USART_SmartCardCmd), (24 bytes).
    Removing stm32f0xx_usart.o(i.USART_SmartCardNACKCmd), (24 bytes).
    Removing stm32f0xx_usart.o(i.USART_StopModeWakeUpSourceConfig), (18 bytes).
    Removing stm32f0xx_usart.o(i.USART_StructInit), (24 bytes).
    Removing stm32f0xx_wwdg.o(.rev16_text), (4 bytes).
    Removing stm32f0xx_wwdg.o(.revsh_text), (4 bytes).
    Removing stm32f0xx_wwdg.o(i.WWDG_ClearFlag), (12 bytes).
    Removing stm32f0xx_wwdg.o(i.WWDG_DeInit), (22 bytes).
    Removing stm32f0xx_wwdg.o(i.WWDG_Enable), (16 bytes).
    Removing stm32f0xx_wwdg.o(i.WWDG_EnableIT), (20 bytes).
    Removing stm32f0xx_wwdg.o(i.WWDG_GetFlagStatus), (24 bytes).
    Removing stm32f0xx_wwdg.o(i.WWDG_SetCounter), (16 bytes).
    Removing stm32f0xx_wwdg.o(i.WWDG_SetPrescaler), (32 bytes).
    Removing stm32f0xx_wwdg.o(i.WWDG_SetWindowValue), (40 bytes).
    Removing system_stm32f0xx.o(.rev16_text), (4 bytes).
    Removing system_stm32f0xx.o(.revsh_text), (4 bytes).
    Removing system_stm32f0xx.o(i.SystemCoreClockUpdate), (176 bytes).
    Removing system_stm32f0xx.o(.data), (20 bytes).
    Removing startup_stm32f0xx_ld.o(HEAP), (512 bytes).

558 unused section(s) (total 21396 bytes) removed from the image.

==============================================================================

Image Symbol Table

    Local Symbols

    Symbol Name                              Value     Ov Type        Size  Object(Section)

    ../clib/../cmprslib/zerorunl.c           0x00000000   Number         0  __dczerorl.o ABSOLUTE
    ../clib/microlib/division.c              0x00000000   Number         0  uidiv.o ABSOLUTE
    ../clib/microlib/init/entry.s            0x00000000   Number         0  entry8a.o ABSOLUTE
    ../clib/microlib/init/entry.s            0x00000000   Number         0  entry8b.o ABSOLUTE
    ../clib/microlib/init/entry.s            0x00000000   Number         0  entry11a.o ABSOLUTE
    ../clib/microlib/init/entry.s            0x00000000   Number         0  entry9b.o ABSOLUTE
    ../clib/microlib/init/entry.s            0x00000000   Number         0  entry10a.o ABSOLUTE
    ../clib/microlib/init/entry.s            0x00000000   Number         0  entry10b.o ABSOLUTE
    ../clib/microlib/init/entry.s            0x00000000   Number         0  entry5.o ABSOLUTE
    ../clib/microlib/init/entry.s            0x00000000   Number         0  entry11b.o ABSOLUTE
    ../clib/microlib/init/entry.s            0x00000000   Number         0  entry9a.o ABSOLUTE
    ../clib/microlib/init/entry.s            0x00000000   Number         0  entry.o ABSOLUTE
    ../clib/microlib/init/entry.s            0x00000000   Number         0  entry2.o ABSOLUTE
    ../clib/microlib/init/entry.s            0x00000000   Number         0  entry7a.o ABSOLUTE
    ../clib/microlib/init/entry.s            0x00000000   Number         0  entry7b.o ABSOLUTE
    ../clib/microlib/longlong.c              0x00000000   Number         0  llsshr.o ABSOLUTE
    ../clib/microlib/longlong.c              0x00000000   Number         0  llushr.o ABSOLUTE
    ../clib/microlib/longlong.c              0x00000000   Number         0  llshl.o ABSOLUTE
    ../clib/microlib/stubs.s                 0x00000000   Number         0  iusefp.o ABSOLUTE
    ../fplib/microlib/fpadd.c                0x00000000   Number         0  dadd.o ABSOLUTE
    ../fplib/microlib/fpepilogue.c           0x00000000   Number         0  depilogue.o ABSOLUTE
    ../fplib/microlib/fpfix.c                0x00000000   Number         0  dfixi.o ABSOLUTE
    ../fplib/microlib/fpflt.c                0x00000000   Number         0  dflti.o ABSOLUTE
    ../fplib/microlib/fpmul.c                0x00000000   Number         0  dmul.o ABSOLUTE
    ..\Libraries\CMSIS\Device\ST\STM32F0xx\Source\Templates\arm\startup_stm32f0xx_ld.s 0x00000000   Number         0  startup_stm32f0xx_ld.o ABSOLUTE
    ..\Libraries\STM32F0xx_StdPeriph_Driver\src\stm32f0xx_adc.c 0x00000000   Number         0  stm32f0xx_adc.o ABSOLUTE
    ..\Libraries\STM32F0xx_StdPeriph_Driver\src\stm32f0xx_can.c 0x00000000   Number         0  stm32f0xx_can.o ABSOLUTE
    ..\Libraries\STM32F0xx_StdPeriph_Driver\src\stm32f0xx_cec.c 0x00000000   Number         0  stm32f0xx_cec.o ABSOLUTE
    ..\Libraries\STM32F0xx_StdPeriph_Driver\src\stm32f0xx_comp.c 0x00000000   Number         0  stm32f0xx_comp.o ABSOLUTE
    ..\Libraries\STM32F0xx_StdPeriph_Driver\src\stm32f0xx_crc.c 0x00000000   Number         0  stm32f0xx_crc.o ABSOLUTE
    ..\Libraries\STM32F0xx_StdPeriph_Driver\src\stm32f0xx_crs.c 0x00000000   Number         0  stm32f0xx_crs.o ABSOLUTE
    ..\Libraries\STM32F0xx_StdPeriph_Driver\src\stm32f0xx_dac.c 0x00000000   Number         0  stm32f0xx_dac.o ABSOLUTE
    ..\Libraries\STM32F0xx_StdPeriph_Driver\src\stm32f0xx_dbgmcu.c 0x00000000   Number         0  stm32f0xx_dbgmcu.o ABSOLUTE
    ..\Libraries\STM32F0xx_StdPeriph_Driver\src\stm32f0xx_dma.c 0x00000000   Number         0  stm32f0xx_dma.o ABSOLUTE
    ..\Libraries\STM32F0xx_StdPeriph_Driver\src\stm32f0xx_exti.c 0x00000000   Number         0  stm32f0xx_exti.o ABSOLUTE
    ..\Libraries\STM32F0xx_StdPeriph_Driver\src\stm32f0xx_flash.c 0x00000000   Number         0  stm32f0xx_flash.o ABSOLUTE
    ..\Libraries\STM32F0xx_StdPeriph_Driver\src\stm32f0xx_gpio.c 0x00000000   Number         0  stm32f0xx_gpio.o ABSOLUTE
    ..\Libraries\STM32F0xx_StdPeriph_Driver\src\stm32f0xx_i2c.c 0x00000000   Number         0  stm32f0xx_i2c.o ABSOLUTE
    ..\Libraries\STM32F0xx_StdPeriph_Driver\src\stm32f0xx_iwdg.c 0x00000000   Number         0  stm32f0xx_iwdg.o ABSOLUTE
    ..\Libraries\STM32F0xx_StdPeriph_Driver\src\stm32f0xx_misc.c 0x00000000   Number         0  stm32f0xx_misc.o ABSOLUTE
    ..\Libraries\STM32F0xx_StdPeriph_Driver\src\stm32f0xx_pwr.c 0x00000000   Number         0  stm32f0xx_pwr.o ABSOLUTE
    ..\Libraries\STM32F0xx_StdPeriph_Driver\src\stm32f0xx_rcc.c 0x00000000   Number         0  stm32f0xx_rcc.o ABSOLUTE
    ..\Libraries\STM32F0xx_StdPeriph_Driver\src\stm32f0xx_rtc.c 0x00000000   Number         0  stm32f0xx_rtc.o ABSOLUTE
    ..\Libraries\STM32F0xx_StdPeriph_Driver\src\stm32f0xx_spi.c 0x00000000   Number         0  stm32f0xx_spi.o ABSOLUTE
    ..\Libraries\STM32F0xx_StdPeriph_Driver\src\stm32f0xx_syscfg.c 0x00000000   Number         0  stm32f0xx_syscfg.o ABSOLUTE
    ..\Libraries\STM32F0xx_StdPeriph_Driver\src\stm32f0xx_tim.c 0x00000000   Number         0  stm32f0xx_tim.o ABSOLUTE
    ..\Libraries\STM32F0xx_StdPeriph_Driver\src\stm32f0xx_usart.c 0x00000000   Number         0  stm32f0xx_usart.o ABSOLUTE
    ..\Libraries\STM32F0xx_StdPeriph_Driver\src\stm32f0xx_wwdg.c 0x00000000   Number         0  stm32f0xx_wwdg.o ABSOLUTE
    ..\\Libraries\\STM32F0xx_StdPeriph_Driver\\src\\stm32f0xx_adc.c 0x00000000   Number         0  stm32f0xx_adc.o ABSOLUTE
    ..\\Libraries\\STM32F0xx_StdPeriph_Driver\\src\\stm32f0xx_can.c 0x00000000   Number         0  stm32f0xx_can.o ABSOLUTE
    ..\\Libraries\\STM32F0xx_StdPeriph_Driver\\src\\stm32f0xx_cec.c 0x00000000   Number         0  stm32f0xx_cec.o ABSOLUTE
    ..\\Libraries\\STM32F0xx_StdPeriph_Driver\\src\\stm32f0xx_comp.c 0x00000000   Number         0  stm32f0xx_comp.o ABSOLUTE
    ..\\Libraries\\STM32F0xx_StdPeriph_Driver\\src\\stm32f0xx_crc.c 0x00000000   Number         0  stm32f0xx_crc.o ABSOLUTE
    ..\\Libraries\\STM32F0xx_StdPeriph_Driver\\src\\stm32f0xx_crs.c 0x00000000   Number         0  stm32f0xx_crs.o ABSOLUTE
    ..\\Libraries\\STM32F0xx_StdPeriph_Driver\\src\\stm32f0xx_dac.c 0x00000000   Number         0  stm32f0xx_dac.o ABSOLUTE
    ..\\Libraries\\STM32F0xx_StdPeriph_Driver\\src\\stm32f0xx_dbgmcu.c 0x00000000   Number         0  stm32f0xx_dbgmcu.o ABSOLUTE
    ..\\Libraries\\STM32F0xx_StdPeriph_Driver\\src\\stm32f0xx_dma.c 0x00000000   Number         0  stm32f0xx_dma.o ABSOLUTE
    ..\\Libraries\\STM32F0xx_StdPeriph_Driver\\src\\stm32f0xx_exti.c 0x00000000   Number         0  stm32f0xx_exti.o ABSOLUTE
    ..\\Libraries\\STM32F0xx_StdPeriph_Driver\\src\\stm32f0xx_flash.c 0x00000000   Number         0  stm32f0xx_flash.o ABSOLUTE
    ..\\Libraries\\STM32F0xx_StdPeriph_Driver\\src\\stm32f0xx_gpio.c 0x00000000   Number         0  stm32f0xx_gpio.o ABSOLUTE
    ..\\Libraries\\STM32F0xx_StdPeriph_Driver\\src\\stm32f0xx_i2c.c 0x00000000   Number         0  stm32f0xx_i2c.o ABSOLUTE
    ..\\Libraries\\STM32F0xx_StdPeriph_Driver\\src\\stm32f0xx_iwdg.c 0x00000000   Number         0  stm32f0xx_iwdg.o ABSOLUTE
    ..\\Libraries\\STM32F0xx_StdPeriph_Driver\\src\\stm32f0xx_misc.c 0x00000000   Number         0  stm32f0xx_misc.o ABSOLUTE
    ..\\Libraries\\STM32F0xx_StdPeriph_Driver\\src\\stm32f0xx_pwr.c 0x00000000   Number         0  stm32f0xx_pwr.o ABSOLUTE
    ..\\Libraries\\STM32F0xx_StdPeriph_Driver\\src\\stm32f0xx_rcc.c 0x00000000   Number         0  stm32f0xx_rcc.o ABSOLUTE
    ..\\Libraries\\STM32F0xx_StdPeriph_Driver\\src\\stm32f0xx_rtc.c 0x00000000   Number         0  stm32f0xx_rtc.o ABSOLUTE
    ..\\Libraries\\STM32F0xx_StdPeriph_Driver\\src\\stm32f0xx_spi.c 0x00000000   Number         0  stm32f0xx_spi.o ABSOLUTE
    ..\\Libraries\\STM32F0xx_StdPeriph_Driver\\src\\stm32f0xx_syscfg.c 0x00000000   Number         0  stm32f0xx_syscfg.o ABSOLUTE
    ..\\Libraries\\STM32F0xx_StdPeriph_Driver\\src\\stm32f0xx_tim.c 0x00000000   Number         0  stm32f0xx_tim.o ABSOLUTE
    ..\\Libraries\\STM32F0xx_StdPeriph_Driver\\src\\stm32f0xx_usart.c 0x00000000   Number         0  stm32f0xx_usart.o ABSOLUTE
    ..\\Libraries\\STM32F0xx_StdPeriph_Driver\\src\\stm32f0xx_wwdg.c 0x00000000   Number         0  stm32f0xx_wwdg.o ABSOLUTE
    ..\\flash.c                              0x00000000   Number         0  flash.o ABSOLUTE
    ..\\process.c                            0x00000000   Number         0  process.o ABSOLUTE
    ..\\stm32f0xx_it.c                       0x00000000   Number         0  stm32f0xx_it.o ABSOLUTE
    ..\\system_stm32f0xx.c                   0x00000000   Number         0  system_stm32f0xx.o ABSOLUTE
    ..\flash.c                               0x00000000   Number         0  flash.o ABSOLUTE
    ..\process.c                             0x00000000   Number         0  process.o ABSOLUTE
    ..\stm32f0xx_it.c                        0x00000000   Number         0  stm32f0xx_it.o ABSOLUTE
    ..\system_stm32f0xx.c                    0x00000000   Number         0  system_stm32f0xx.o ABSOLUTE
    dc.s                                     0x00000000   Number         0  dc.o ABSOLUTE
    handlers.s                               0x00000000   Number         0  handlers.o ABSOLUTE
    init.s                                   0x00000000   Number         0  init.o ABSOLUTE
    main.c                                   0x00000000   Number         0  main.o ABSOLUTE
    main.c                                   0x00000000   Number         0  main.o ABSOLUTE
    RESET                                    0x08000000   Section      176  startup_stm32f0xx_ld.o(RESET)
    .ARM.Collect$$$$00000000                 0x080000b0   Section        0  entry.o(.ARM.Collect$$$$00000000)
    .ARM.Collect$$$$00000001                 0x080000b0   Section        4  entry2.o(.ARM.Collect$$$$00000001)
    .ARM.Collect$$$$00000004                 0x080000b4   Section        4  entry5.o(.ARM.Collect$$$$00000004)
    .ARM.Collect$$$$00000008                 0x080000b8   Section        0  entry7b.o(.ARM.Collect$$$$00000008)
    .ARM.Collect$$$$0000000A                 0x080000b8   Section        0  entry8b.o(.ARM.Collect$$$$0000000A)
    .ARM.Collect$$$$0000000B                 0x080000b8   Section        8  entry9a.o(.ARM.Collect$$$$0000000B)
    .ARM.Collect$$$$0000000D                 0x080000c0   Section        0  entry10a.o(.ARM.Collect$$$$0000000D)
    .ARM.Collect$$$$0000000F                 0x080000c0   Section        0  entry11a.o(.ARM.Collect$$$$0000000F)
    .ARM.Collect$$$$00002712                 0x080000c0   Section        4  entry2.o(.ARM.Collect$$$$00002712)
    __lit__00000000                          0x080000c0   Data           4  entry2.o(.ARM.Collect$$$$00002712)
    .text                                    0x080000c4   Section       88  startup_stm32f0xx_ld.o(.text)
    .text                                    0x0800011c   Section        0  uidiv.o(.text)
    .text                                    0x08000148   Section        0  dadd.o(.text)
    .text                                    0x080002ac   Section        0  dmul.o(.text)
    .text                                    0x0800037c   Section        0  dflti.o(.text)
    .text                                    0x080003a4   Section        0  dfixi.o(.text)
    .text                                    0x080003ec   Section        0  llshl.o(.text)
    .text                                    0x0800040c   Section        0  llushr.o(.text)
    .text                                    0x0800042e   Section        0  llsshr.o(.text)
    .text                                    0x08000454   Section        0  depilogue.o(.text)
    .text                                    0x08000454   Section        0  iusefp.o(.text)
    .text                                    0x08000514   Section       36  init.o(.text)
    .text                                    0x08000538   Section        0  __dczerorl.o(.text)
    i.ADC_ChannelConfig                      0x08000572   Section        0  stm32f0xx_adc.o(i.ADC_ChannelConfig)
    i.ADC_Cmd                                0x0800058a   Section        0  stm32f0xx_adc.o(i.ADC_Cmd)
    i.ADC_DMACmd                             0x080005a2   Section        0  stm32f0xx_adc.o(i.ADC_DMACmd)
    i.ADC_DMARequestModeConfig               0x080005ba   Section        0  stm32f0xx_adc.o(i.ADC_DMARequestModeConfig)
    i.ADC_DeInit                             0x080005cc   Section        0  stm32f0xx_adc.o(i.ADC_DeInit)
    i.ADC_GetCalibrationFactor               0x080005ec   Section        0  stm32f0xx_adc.o(i.ADC_GetCalibrationFactor)
    i.ADC_GetFlagStatus                      0x08000628   Section        0  stm32f0xx_adc.o(i.ADC_GetFlagStatus)
    i.ADC_Init                               0x08000658   Section        0  stm32f0xx_adc.o(i.ADC_Init)
    i.ADC_OverrunModeCmd                     0x08000684   Section        0  stm32f0xx_adc.o(i.ADC_OverrunModeCmd)
    i.ADC_StartOfConversion                  0x080006a0   Section        0  stm32f0xx_adc.o(i.ADC_StartOfConversion)
    i.ADC_StructInit                         0x080006aa   Section        0  stm32f0xx_adc.o(i.ADC_StructInit)
    i.BSP_init                               0x080006ba   Section        0  main.o(i.BSP_init)
    i.DMA1_Channel1_IRQHandler               0x080006dc   Section        0  main.o(i.DMA1_Channel1_IRQHandler)
    i.DMA_ClearITPendingBit                  0x08000728   Section        0  stm32f0xx_dma.o(i.DMA_ClearITPendingBit)
    i.DMA_Cmd                                0x08000748   Section        0  stm32f0xx_dma.o(i.DMA_Cmd)
    i.DMA_DeInit                             0x08000764   Section        0  stm32f0xx_dma.o(i.DMA_DeInit)
    i.DMA_GetITStatus                        0x080008c8   Section        0  stm32f0xx_dma.o(i.DMA_GetITStatus)
    i.DMA_ITConfig                           0x080008fc   Section        0  stm32f0xx_dma.o(i.DMA_ITConfig)
    i.DMA_Init                               0x08000910   Section        0  stm32f0xx_dma.o(i.DMA_Init)
    i.DMA_StructInit                         0x08000950   Section        0  stm32f0xx_dma.o(i.DMA_StructInit)
    i.DataProcess                            0x0800096c   Section        0  process.o(i.DataProcess)
    i.DelaymsSet                             0x080009a0   Section        0  main.o(i.DelaymsSet)
    i.FLASH_ClearFlag                        0x080009b4   Section        0  stm32f0xx_flash.o(i.FLASH_ClearFlag)
    i.FLASH_ErasePage                        0x080009c0   Section        0  stm32f0xx_flash.o(i.FLASH_ErasePage)
    i.FLASH_GetStatus                        0x08000a0c   Section        0  stm32f0xx_flash.o(i.FLASH_GetStatus)
    i.FLASH_Lock                             0x08000a48   Section        0  stm32f0xx_flash.o(i.FLASH_Lock)
    i.FLASH_ProgramWord                      0x08000a5c   Section        0  stm32f0xx_flash.o(i.FLASH_ProgramWord)
    i.FLASH_Unlock                           0x08000ac8   Section        0  stm32f0xx_flash.o(i.FLASH_Unlock)
    i.FLASH_WaitForLastOperation             0x08000aec   Section        0  stm32f0xx_flash.o(i.FLASH_WaitForLastOperation)
    i.FlashCheck                             0x08000b14   Section        0  main.o(i.FlashCheck)
    i.Formula_100                            0x08000b70   Section        0  main.o(i.Formula_100)
    i.GPIO_DEINIT_ALL                        0x08000c24   Section        0  main.o(i.GPIO_DEINIT_ALL)
    i.GPIO_INIT                              0x08000c56   Section        0  main.o(i.GPIO_INIT)
    i.GPIO_Init                              0x08000cd8   Section        0  stm32f0xx_gpio.o(i.GPIO_Init)
    i.GPIO_PWMOUT_Config                     0x08000d68   Section        0  main.o(i.GPIO_PWMOUT_Config)
    i.GPIO_ReadInputDataBit                  0x08000dc4   Section        0  stm32f0xx_gpio.o(i.GPIO_ReadInputDataBit)
    i.GPIO_ResetBits                         0x08000dd8   Section        0  stm32f0xx_gpio.o(i.GPIO_ResetBits)
    i.GPIO_SetBits                           0x08000ddc   Section        0  stm32f0xx_gpio.o(i.GPIO_SetBits)
    i.GPIO_StructInit                        0x08000de0   Section        0  stm32f0xx_gpio.o(i.GPIO_StructInit)
    i.GetEEPROM                              0x08000df8   Section        0  process.o(i.GetEEPROM)
    i.GetKGStatus                            0x08000dfa   Section        0  process.o(i.GetKGStatus)
    i.GetRegisterAState                      0x08000e20   Section        0  process.o(i.GetRegisterAState)
    i.HIGH_PWM_OUT                           0x0800109c   Section        0  process.o(i.HIGH_PWM_OUT)
    i.HardFault_Handler                      0x080011c8   Section        0  stm32f0xx_it.o(i.HardFault_Handler)
    i.IWDG_Config                            0x080011cc   Section        0  main.o(i.IWDG_Config)
    i.IWDG_Enable                            0x08001200   Section        0  stm32f0xx_iwdg.o(i.IWDG_Enable)
    i.IWDG_ReloadCounter                     0x08001210   Section        0  stm32f0xx_iwdg.o(i.IWDG_ReloadCounter)
    i.IWDG_SetPrescaler                      0x08001220   Section        0  stm32f0xx_iwdg.o(i.IWDG_SetPrescaler)
    i.IWDG_SetReload                         0x0800122c   Section        0  stm32f0xx_iwdg.o(i.IWDG_SetReload)
    i.IWDG_WriteAccessCmd                    0x08001238   Section        0  stm32f0xx_iwdg.o(i.IWDG_WriteAccessCmd)
    i.InitInternalFlash                      0x08001244   Section        0  flash.o(i.InitInternalFlash)
    i.LOW_PWM_OUT                            0x08001264   Section        0  process.o(i.LOW_PWM_OUT)
    i.NMI_Handler                            0x08001390   Section        0  stm32f0xx_it.o(i.NMI_Handler)
    i.NVIC_Init                              0x08001394   Section        0  stm32f0xx_misc.o(i.NVIC_Init)
    i.PWM_HighUs_Set                         0x08001404   Section        0  process.o(i.PWM_HighUs_Set)
    i.PWM_LowUs_Set                          0x08001438   Section        0  process.o(i.PWM_LowUs_Set)
    i.PendSV_Handler                         0x08001468   Section        0  stm32f0xx_it.o(i.PendSV_Handler)
    i.ProgramCheck                           0x0800146c   Section        0  main.o(i.ProgramCheck)
    i.RCC_ADCCLKConfig                       0x080014c8   Section        0  stm32f0xx_rcc.o(i.RCC_ADCCLKConfig)
    i.RCC_AHBPeriphClockCmd                  0x08001500   Section        0  stm32f0xx_rcc.o(i.RCC_AHBPeriphClockCmd)
    i.RCC_APB1PeriphClockCmd                 0x08001520   Section        0  stm32f0xx_rcc.o(i.RCC_APB1PeriphClockCmd)
    i.RCC_APB1PeriphResetCmd                 0x08001540   Section        0  stm32f0xx_rcc.o(i.RCC_APB1PeriphResetCmd)
    i.RCC_APB2PeriphClockCmd                 0x08001560   Section        0  stm32f0xx_rcc.o(i.RCC_APB2PeriphClockCmd)
    i.RCC_APB2PeriphResetCmd                 0x08001580   Section        0  stm32f0xx_rcc.o(i.RCC_APB2PeriphResetCmd)
    i.RCC_ClearFlag                          0x080015a0   Section        0  stm32f0xx_rcc.o(i.RCC_ClearFlag)
    i.RCC_Configuration                      0x080015b4   Section        0  main.o(i.RCC_Configuration)
    i.RCC_GetClocksFreq                      0x080015ec   Section        0  stm32f0xx_rcc.o(i.RCC_GetClocksFreq)
    i.RCC_GetFlagStatus                      0x08001834   Section        0  stm32f0xx_rcc.o(i.RCC_GetFlagStatus)
    i.RCC_GetSYSCLKSource                    0x0800187c   Section        0  stm32f0xx_rcc.o(i.RCC_GetSYSCLKSource)
    i.RCC_PLLCmd                             0x0800188c   Section        0  stm32f0xx_rcc.o(i.RCC_PLLCmd)
    i.RCC_PLLConfig                          0x080018b4   Section        0  stm32f0xx_rcc.o(i.RCC_PLLConfig)
    i.RCC_SYSCLKConfig                       0x080018d8   Section        0  stm32f0xx_rcc.o(i.RCC_SYSCLKConfig)
    i.ReadFlash                              0x080018f4   Section        0  flash.o(i.ReadFlash)
    i.ResetParameter                         0x08001924   Section        0  process.o(i.ResetParameter)
    i.SVC_Handler                            0x08001926   Section        0  stm32f0xx_it.o(i.SVC_Handler)
    i.SetSysClock                            0x08001928   Section        0  system_stm32f0xx.o(i.SetSysClock)
    SetSysClock                              0x08001929   Thumb Code   206  system_stm32f0xx.o(i.SetSysClock)
    i.SysTick_Handler                        0x08001a00   Section        0  stm32f0xx_it.o(i.SysTick_Handler)
    i.SystemInit                             0x08001a04   Section        0  system_stm32f0xx.o(i.SystemInit)
    i.TIM14_Config                           0x08001a80   Section        0  main.o(i.TIM14_Config)
    i.TIM14_IRQHandler                       0x08001ad4   Section        0  main.o(i.TIM14_IRQHandler)
    i.TIM1_BRK_UP_TRG_COM_IRQHandler         0x08001b10   Section        0  main.o(i.TIM1_BRK_UP_TRG_COM_IRQHandler)
    i.TIM2_IRQHandler                        0x08001b4c   Section        0  main.o(i.TIM2_IRQHandler)
    i.TIM3_Config                            0x08001b64   Section        0  main.o(i.TIM3_Config)
    i.TIM3_IRQHandler                        0x08001bbc   Section        0  main.o(i.TIM3_IRQHandler)
    i.TIM_ClearFlag                          0x08001bd8   Section        0  stm32f0xx_tim.o(i.TIM_ClearFlag)
    i.TIM_ClearITPendingBit                  0x08001bde   Section        0  stm32f0xx_tim.o(i.TIM_ClearITPendingBit)
    i.TIM_Cmd                                0x08001be4   Section        0  stm32f0xx_tim.o(i.TIM_Cmd)
    i.TIM_DeInit                             0x08001c00   Section        0  stm32f0xx_tim.o(i.TIM_DeInit)
    i.TIM_GetCounter                         0x08001d04   Section        0  stm32f0xx_tim.o(i.TIM_GetCounter)
    i.TIM_GetITStatus                        0x08001d0a   Section        0  stm32f0xx_tim.o(i.TIM_GetITStatus)
    i.TIM_SetCounter                         0x08001d30   Section        0  stm32f0xx_tim.o(i.TIM_SetCounter)
    i.TIM_TimeBaseInit                       0x08001d34   Section        0  stm32f0xx_tim.o(i.TIM_TimeBaseInit)
    i.TIM_TimeBaseStructInit                 0x08001db0   Section        0  stm32f0xx_tim.o(i.TIM_TimeBaseStructInit)
    i.WriteFlash                             0x08001dc4   Section        0  flash.o(i.WriteFlash)
    i.WriteInternalFlash                     0x08001e04   Section        0  flash.o(i.WriteInternalFlash)
    i.__ARM_clz                              0x08001e28   Section        0  depilogue.o(i.__ARM_clz)
    i.__scatterload_copy                     0x08001e56   Section       14  handlers.o(i.__scatterload_copy)
    i.__scatterload_null                     0x08001e64   Section        2  handlers.o(i.__scatterload_null)
    i.__scatterload_zeroinit                 0x08001e66   Section       14  handlers.o(i.__scatterload_zeroinit)
    i.adc_config                             0x08001e74   Section        0  main.o(i.adc_config)
    i.adc_dma_init                           0x08001eec   Section        0  main.o(i.adc_dma_init)
    i.adc_gpio_init                          0x08001f78   Section        0  main.o(i.adc_gpio_init)
    i.main                                   0x08001fa8   Section        0  main.o(i.main)
    i.scan_key                               0x08001fe8   Section        0  process.o(i.scan_key)
    .data                                    0x20000000   Section       56  main.o(.data)
    .data                                    0x20000038   Section      189  process.o(.data)
    .data                                    0x200000f8   Section       92  flash.o(.data)
    .data                                    0x20000154   Section       16  stm32f0xx_rcc.o(.data)
    APBAHBPrescTable                         0x20000154   Data          16  stm32f0xx_rcc.o(.data)
    .bss                                     0x20000164   Section     1600  main.o(.bss)
    .bss                                     0x200007a4   Section       48  process.o(.bss)
    STACK                                    0x200007d8   Section     1024  startup_stm32f0xx_ld.o(STACK)

    Global Symbols

    Symbol Name                              Value     Ov Type        Size  Object(Section)

    BuildAttributes$$THM_ISAv3M$S$PE$A:L22$X:L11$S22$IEEE1$IW$USESV6$~STKCKD$USESV7$~SHL$OSPACE$ROPI$EBA8$MICROLIB$REQ8$PRES8$EABIv2 0x00000000   Number         0  anon$$obj.o ABSOLUTE
    __ARM_use_no_argv                        0x00000000   Number         0  main.o ABSOLUTE
    __cpp_initialize__aeabi_                  - Undefined Weak Reference
    __cxa_finalize                            - Undefined Weak Reference
    _clock_init                               - Undefined Weak Reference
    _microlib_exit                            - Undefined Weak Reference
    __Vectors_Size                           0x000000b0   Number         0  startup_stm32f0xx_ld.o ABSOLUTE
    __Vectors                                0x08000000   Data           4  startup_stm32f0xx_ld.o(RESET)
    __Vectors_End                            0x080000b0   Data           0  startup_stm32f0xx_ld.o(RESET)
    __main                                   0x080000b1   Thumb Code     0  entry.o(.ARM.Collect$$$$00000000)
    _main_stk                                0x080000b1   Thumb Code     0  entry2.o(.ARM.Collect$$$$00000001)
    _main_scatterload                        0x080000b5   Thumb Code     0  entry5.o(.ARM.Collect$$$$00000004)
    __main_after_scatterload                 0x080000b9   Thumb Code     0  entry5.o(.ARM.Collect$$$$00000004)
    _main_clock                              0x080000b9   Thumb Code     0  entry7b.o(.ARM.Collect$$$$00000008)
    _main_cpp_init                           0x080000b9   Thumb Code     0  entry8b.o(.ARM.Collect$$$$0000000A)
    _main_init                               0x080000b9   Thumb Code     0  entry9a.o(.ARM.Collect$$$$0000000B)
    __rt_final_cpp                           0x080000c1   Thumb Code     0  entry10a.o(.ARM.Collect$$$$0000000D)
    __rt_final_exit                          0x080000c1   Thumb Code     0  entry11a.o(.ARM.Collect$$$$0000000F)
    Reset_Handler                            0x080000c5   Thumb Code    38  startup_stm32f0xx_ld.o(.text)
    ADC1_IRQHandler                          0x080000f5   Thumb Code     0  startup_stm32f0xx_ld.o(.text)
    DMA1_Channel2_3_IRQHandler               0x080000f5   Thumb Code     0  startup_stm32f0xx_ld.o(.text)
    DMA1_Channel4_5_IRQHandler               0x080000f5   Thumb Code     0  startup_stm32f0xx_ld.o(.text)
    EXTI0_1_IRQHandler                       0x080000f5   Thumb Code     0  startup_stm32f0xx_ld.o(.text)
    EXTI2_3_IRQHandler                       0x080000f5   Thumb Code     0  startup_stm32f0xx_ld.o(.text)
    EXTI4_15_IRQHandler                      0x080000f5   Thumb Code     0  startup_stm32f0xx_ld.o(.text)
    FLASH_IRQHandler                         0x080000f5   Thumb Code     0  startup_stm32f0xx_ld.o(.text)
    I2C1_IRQHandler                          0x080000f5   Thumb Code     0  startup_stm32f0xx_ld.o(.text)
    PVD_IRQHandler                           0x080000f5   Thumb Code     0  startup_stm32f0xx_ld.o(.text)
    RCC_IRQHandler                           0x080000f5   Thumb Code     0  startup_stm32f0xx_ld.o(.text)
    RTC_IRQHandler                           0x080000f5   Thumb Code     0  startup_stm32f0xx_ld.o(.text)
    SPI1_IRQHandler                          0x080000f5   Thumb Code     0  startup_stm32f0xx_ld.o(.text)
    TIM16_IRQHandler                         0x080000f5   Thumb Code     0  startup_stm32f0xx_ld.o(.text)
    TIM17_IRQHandler                         0x080000f5   Thumb Code     0  startup_stm32f0xx_ld.o(.text)
    TIM1_CC_IRQHandler                       0x080000f5   Thumb Code     0  startup_stm32f0xx_ld.o(.text)
    USART1_IRQHandler                        0x080000f5   Thumb Code     0  startup_stm32f0xx_ld.o(.text)
    WWDG_IRQHandler                          0x080000f5   Thumb Code     0  startup_stm32f0xx_ld.o(.text)
    __aeabi_uidiv                            0x0800011d   Thumb Code     0  uidiv.o(.text)
    __aeabi_uidivmod                         0x0800011d   Thumb Code    44  uidiv.o(.text)
    __aeabi_dadd                             0x08000149   Thumb Code   328  dadd.o(.text)
    __aeabi_dsub                             0x08000291   Thumb Code    12  dadd.o(.text)
    __aeabi_drsub                            0x0800029d   Thumb Code    12  dadd.o(.text)
    __aeabi_dmul                             0x080002ad   Thumb Code   202  dmul.o(.text)
    __aeabi_i2d                              0x0800037d   Thumb Code    34  dflti.o(.text)
    __aeabi_d2iz                             0x080003a5   Thumb Code    62  dfixi.o(.text)
    __aeabi_llsl                             0x080003ed   Thumb Code    32  llshl.o(.text)
    _ll_shift_l                              0x080003ed   Thumb Code     0  llshl.o(.text)
    __aeabi_llsr                             0x0800040d   Thumb Code    34  llushr.o(.text)
    _ll_ushift_r                             0x0800040d   Thumb Code     0  llushr.o(.text)
    __aeabi_lasr                             0x0800042f   Thumb Code    38  llsshr.o(.text)
    _ll_sshift_r                             0x0800042f   Thumb Code     0  llsshr.o(.text)
    __I$use$fp                               0x08000455   Thumb Code     0  iusefp.o(.text)
    _double_round                            0x08000455   Thumb Code    26  depilogue.o(.text)
    _double_epilogue                         0x0800046f   Thumb Code   164  depilogue.o(.text)
    __scatterload                            0x08000515   Thumb Code    28  init.o(.text)
    __scatterload_rt2                        0x08000515   Thumb Code     0  init.o(.text)
    __decompress                             0x08000539   Thumb Code     0  __dczerorl.o(.text)
    __decompress0                            0x08000539   Thumb Code    58  __dczerorl.o(.text)
    ADC_ChannelConfig                        0x08000573   Thumb Code    24  stm32f0xx_adc.o(i.ADC_ChannelConfig)
    ADC_Cmd                                  0x0800058b   Thumb Code    24  stm32f0xx_adc.o(i.ADC_Cmd)
    ADC_DMACmd                               0x080005a3   Thumb Code    24  stm32f0xx_adc.o(i.ADC_DMACmd)
    ADC_DMARequestModeConfig                 0x080005bb   Thumb Code    16  stm32f0xx_adc.o(i.ADC_DMARequestModeConfig)
    ADC_DeInit                               0x080005cd   Thumb Code    28  stm32f0xx_adc.o(i.ADC_DeInit)
    ADC_GetCalibrationFactor                 0x080005ed   Thumb Code    60  stm32f0xx_adc.o(i.ADC_GetCalibrationFactor)
    ADC_GetFlagStatus                        0x08000629   Thumb Code    48  stm32f0xx_adc.o(i.ADC_GetFlagStatus)
    ADC_Init                                 0x08000659   Thumb Code    40  stm32f0xx_adc.o(i.ADC_Init)
    ADC_OverrunModeCmd                       0x08000685   Thumb Code    28  stm32f0xx_adc.o(i.ADC_OverrunModeCmd)
    ADC_StartOfConversion                    0x080006a1   Thumb Code    10  stm32f0xx_adc.o(i.ADC_StartOfConversion)
    ADC_StructInit                           0x080006ab   Thumb Code    16  stm32f0xx_adc.o(i.ADC_StructInit)
    BSP_init                                 0x080006bb   Thumb Code    32  main.o(i.BSP_init)
    DMA1_Channel1_IRQHandler                 0x080006dd   Thumb Code    54  main.o(i.DMA1_Channel1_IRQHandler)
    DMA_ClearITPendingBit                    0x08000729   Thumb Code    22  stm32f0xx_dma.o(i.DMA_ClearITPendingBit)
    DMA_Cmd                                  0x08000749   Thumb Code    24  stm32f0xx_dma.o(i.DMA_Cmd)
    DMA_DeInit                               0x08000765   Thumb Code   342  stm32f0xx_dma.o(i.DMA_DeInit)
    DMA_GetITStatus                          0x080008c9   Thumb Code    42  stm32f0xx_dma.o(i.DMA_GetITStatus)
    DMA_ITConfig                             0x080008fd   Thumb Code    20  stm32f0xx_dma.o(i.DMA_ITConfig)
    DMA_Init                                 0x08000911   Thumb Code    58  stm32f0xx_dma.o(i.DMA_Init)
    DMA_StructInit                           0x08000951   Thumb Code    26  stm32f0xx_dma.o(i.DMA_StructInit)
    DataProcess                              0x0800096d   Thumb Code    44  process.o(i.DataProcess)
    DelaymsSet                               0x080009a1   Thumb Code    18  main.o(i.DelaymsSet)
    FLASH_ClearFlag                          0x080009b5   Thumb Code     6  stm32f0xx_flash.o(i.FLASH_ClearFlag)
    FLASH_ErasePage                          0x080009c1   Thumb Code    72  stm32f0xx_flash.o(i.FLASH_ErasePage)
    FLASH_GetStatus                          0x08000a0d   Thumb Code    54  stm32f0xx_flash.o(i.FLASH_GetStatus)
    FLASH_Lock                               0x08000a49   Thumb Code    14  stm32f0xx_flash.o(i.FLASH_Lock)
    FLASH_ProgramWord                        0x08000a5d   Thumb Code   104  stm32f0xx_flash.o(i.FLASH_ProgramWord)
    FLASH_Unlock                             0x08000ac9   Thumb Code    24  stm32f0xx_flash.o(i.FLASH_Unlock)
    FLASH_WaitForLastOperation               0x08000aed   Thumb Code    40  stm32f0xx_flash.o(i.FLASH_WaitForLastOperation)
    FlashCheck                               0x08000b15   Thumb Code    72  main.o(i.FlashCheck)
    Formula_100                              0x08000b71   Thumb Code   170  main.o(i.Formula_100)
    GPIO_DEINIT_ALL                          0x08000c25   Thumb Code    50  main.o(i.GPIO_DEINIT_ALL)
    GPIO_INIT                                0x08000c57   Thumb Code   130  main.o(i.GPIO_INIT)
    GPIO_Init                                0x08000cd9   Thumb Code   144  stm32f0xx_gpio.o(i.GPIO_Init)
    GPIO_PWMOUT_Config                       0x08000d69   Thumb Code    92  main.o(i.GPIO_PWMOUT_Config)
    GPIO_ReadInputDataBit                    0x08000dc5   Thumb Code    20  stm32f0xx_gpio.o(i.GPIO_ReadInputDataBit)
    GPIO_ResetBits                           0x08000dd9   Thumb Code     4  stm32f0xx_gpio.o(i.GPIO_ResetBits)
    GPIO_SetBits                             0x08000ddd   Thumb Code     4  stm32f0xx_gpio.o(i.GPIO_SetBits)
    GPIO_StructInit                          0x08000de1   Thumb Code    20  stm32f0xx_gpio.o(i.GPIO_StructInit)
    GetEEPROM                                0x08000df9   Thumb Code     2  process.o(i.GetEEPROM)
    GetKGStatus                              0x08000dfb   Thumb Code    38  process.o(i.GetKGStatus)
    GetRegisterAState                        0x08000e21   Thumb Code   528  process.o(i.GetRegisterAState)
    HIGH_PWM_OUT                             0x0800109d   Thumb Code   286  process.o(i.HIGH_PWM_OUT)
    HardFault_Handler                        0x080011c9   Thumb Code     4  stm32f0xx_it.o(i.HardFault_Handler)
    IWDG_Config                              0x080011cd   Thumb Code    46  main.o(i.IWDG_Config)
    IWDG_Enable                              0x08001201   Thumb Code     8  stm32f0xx_iwdg.o(i.IWDG_Enable)
    IWDG_ReloadCounter                       0x08001211   Thumb Code     8  stm32f0xx_iwdg.o(i.IWDG_ReloadCounter)
    IWDG_SetPrescaler                        0x08001221   Thumb Code     6  stm32f0xx_iwdg.o(i.IWDG_SetPrescaler)
    IWDG_SetReload                           0x0800122d   Thumb Code     6  stm32f0xx_iwdg.o(i.IWDG_SetReload)
    IWDG_WriteAccessCmd                      0x08001239   Thumb Code     6  stm32f0xx_iwdg.o(i.IWDG_WriteAccessCmd)
    InitInternalFlash                        0x08001245   Thumb Code    32  flash.o(i.InitInternalFlash)
    LOW_PWM_OUT                              0x08001265   Thumb Code   286  process.o(i.LOW_PWM_OUT)
    NMI_Handler                              0x08001391   Thumb Code     2  stm32f0xx_it.o(i.NMI_Handler)
    NVIC_Init                                0x08001395   Thumb Code   106  stm32f0xx_misc.o(i.NVIC_Init)
    PWM_HighUs_Set                           0x08001405   Thumb Code    48  process.o(i.PWM_HighUs_Set)
    PWM_LowUs_Set                            0x08001439   Thumb Code    42  process.o(i.PWM_LowUs_Set)
    PendSV_Handler                           0x08001469   Thumb Code     2  stm32f0xx_it.o(i.PendSV_Handler)
    ProgramCheck                             0x0800146d   Thumb Code    80  main.o(i.ProgramCheck)
    RCC_ADCCLKConfig                         0x080014c9   Thumb Code    52  stm32f0xx_rcc.o(i.RCC_ADCCLKConfig)
    RCC_AHBPeriphClockCmd                    0x08001501   Thumb Code    28  stm32f0xx_rcc.o(i.RCC_AHBPeriphClockCmd)
    RCC_APB1PeriphClockCmd                   0x08001521   Thumb Code    28  stm32f0xx_rcc.o(i.RCC_APB1PeriphClockCmd)
    RCC_APB1PeriphResetCmd                   0x08001541   Thumb Code    28  stm32f0xx_rcc.o(i.RCC_APB1PeriphResetCmd)
    RCC_APB2PeriphClockCmd                   0x08001561   Thumb Code    28  stm32f0xx_rcc.o(i.RCC_APB2PeriphClockCmd)
    RCC_APB2PeriphResetCmd                   0x08001581   Thumb Code    28  stm32f0xx_rcc.o(i.RCC_APB2PeriphResetCmd)
    RCC_ClearFlag                            0x080015a1   Thumb Code    16  stm32f0xx_rcc.o(i.RCC_ClearFlag)
    RCC_Configuration                        0x080015b5   Thumb Code    56  main.o(i.RCC_Configuration)
    RCC_GetClocksFreq                        0x080015ed   Thumb Code   554  stm32f0xx_rcc.o(i.RCC_GetClocksFreq)
    RCC_GetFlagStatus                        0x08001835   Thumb Code    68  stm32f0xx_rcc.o(i.RCC_GetFlagStatus)
    RCC_GetSYSCLKSource                      0x0800187d   Thumb Code    10  stm32f0xx_rcc.o(i.RCC_GetSYSCLKSource)
    RCC_PLLCmd                               0x0800188d   Thumb Code    36  stm32f0xx_rcc.o(i.RCC_PLLCmd)
    RCC_PLLConfig                            0x080018b5   Thumb Code    30  stm32f0xx_rcc.o(i.RCC_PLLConfig)
    RCC_SYSCLKConfig                         0x080018d9   Thumb Code    24  stm32f0xx_rcc.o(i.RCC_SYSCLKConfig)
    ReadFlash                                0x080018f5   Thumb Code    44  flash.o(i.ReadFlash)
    ResetParameter                           0x08001925   Thumb Code     2  process.o(i.ResetParameter)
    SVC_Handler                              0x08001927   Thumb Code     2  stm32f0xx_it.o(i.SVC_Handler)
    SysTick_Handler                          0x08001a01   Thumb Code     2  stm32f0xx_it.o(i.SysTick_Handler)
    SystemInit                               0x08001a05   Thumb Code   110  system_stm32f0xx.o(i.SystemInit)
    TIM14_Config                             0x08001a81   Thumb Code    80  main.o(i.TIM14_Config)
    TIM14_IRQHandler                         0x08001ad5   Thumb Code    50  main.o(i.TIM14_IRQHandler)
    TIM1_BRK_UP_TRG_COM_IRQHandler           0x08001b11   Thumb Code    50  main.o(i.TIM1_BRK_UP_TRG_COM_IRQHandler)
    TIM2_IRQHandler                          0x08001b4d   Thumb Code    24  main.o(i.TIM2_IRQHandler)
    TIM3_Config                              0x08001b65   Thumb Code    80  main.o(i.TIM3_Config)
    TIM3_IRQHandler                          0x08001bbd   Thumb Code    24  main.o(i.TIM3_IRQHandler)
    TIM_ClearFlag                            0x08001bd9   Thumb Code     6  stm32f0xx_tim.o(i.TIM_ClearFlag)
    TIM_ClearITPendingBit                    0x08001bdf   Thumb Code     6  stm32f0xx_tim.o(i.TIM_ClearITPendingBit)
    TIM_Cmd                                  0x08001be5   Thumb Code    24  stm32f0xx_tim.o(i.TIM_Cmd)
    TIM_DeInit                               0x08001c01   Thumb Code   228  stm32f0xx_tim.o(i.TIM_DeInit)
    TIM_GetCounter                           0x08001d05   Thumb Code     6  stm32f0xx_tim.o(i.TIM_GetCounter)
    TIM_GetITStatus                          0x08001d0b   Thumb Code    38  stm32f0xx_tim.o(i.TIM_GetITStatus)
    TIM_SetCounter                           0x08001d31   Thumb Code     4  stm32f0xx_tim.o(i.TIM_SetCounter)
    TIM_TimeBaseInit                         0x08001d35   Thumb Code    90  stm32f0xx_tim.o(i.TIM_TimeBaseInit)
    TIM_TimeBaseStructInit                   0x08001db1   Thumb Code    18  stm32f0xx_tim.o(i.TIM_TimeBaseStructInit)
    WriteFlash                               0x08001dc5   Thumb Code    60  flash.o(i.WriteFlash)
    WriteInternalFlash                       0x08001e05   Thumb Code    36  flash.o(i.WriteInternalFlash)
    __ARM_clz                                0x08001e29   Thumb Code    46  depilogue.o(i.__ARM_clz)
    __scatterload_copy                       0x08001e57   Thumb Code    14  handlers.o(i.__scatterload_copy)
    __scatterload_null                       0x08001e65   Thumb Code     2  handlers.o(i.__scatterload_null)
    __scatterload_zeroinit                   0x08001e67   Thumb Code    14  handlers.o(i.__scatterload_zeroinit)
    adc_config                               0x08001e75   Thumb Code   110  main.o(i.adc_config)
    adc_dma_init                             0x08001eed   Thumb Code   126  main.o(i.adc_dma_init)
    adc_gpio_init                            0x08001f79   Thumb Code    48  main.o(i.adc_gpio_init)
    main                                     0x08001fa9   Thumb Code    50  main.o(i.main)
    scan_key                                 0x08001fe9   Thumb Code     2  process.o(i.scan_key)
    Region$$Table$$Base                      0x08001fec   Number         0  anon$$obj.o(Region$$Table)
    Region$$Table$$Limit                     0x0800200c   Number         0  anon$$obj.o(Region$$Table)
    sample_finish                            0x20000000   Data           1  main.o(.data)
    sample_index                             0x20000001   Data           1  main.o(.data)
    PWM_Step                                 0x20000002   Data           1  main.o(.data)
    PWM_Start_Flag                           0x20000003   Data           1  main.o(.data)
    PWM_Start_Counter                        0x20000004   Data           1  main.o(.data)
    PWM_TimeCounter                          0x20000005   Data           1  main.o(.data)
    captureX                                 0x20000006   Data           2  main.o(.data)
    captureY                                 0x20000008   Data           2  main.o(.data)
    captureZ                                 0x2000000a   Data           2  main.o(.data)
    RunTime                                  0x2000000c   Data           2  main.o(.data)
    ADCIndex                                 0x2000000e   Data           1  main.o(.data)
    DMAIndex                                 0x2000000f   Data           1  main.o(.data)
    selfADCValue                             0x20000010   Data           4  main.o(.data)
    ADC_Conversion_Flag                      0x20000014   Data           1  main.o(.data)
    CheckFLag                                0x20000015   Data           1  main.o(.data)
    UID                                      0x20000018   Data           4  main.o(.data)
    Fml_Constant                             0x2000001c   Data           4  main.o(.data)
    C                                        0x20000020   Data           4  main.o(.data)
    FormulaResult                            0x20000024   Data           4  main.o(.data)
    FormulaCheck                             0x20000028   Data           4  main.o(.data)
    UIDFlashResult                           0x2000002c   Data           4  main.o(.data)
    Fml_CRC16                                0x20000030   Data           2  main.o(.data)
    ProgramCounter                           0x20000034   Data           4  main.o(.data)
    ADC_value                                0x20000038   Data           4  process.o(.data)
    ShortCircuit                             0x2000003c   Data           1  process.o(.data)
    ConfirmShortCircuit                      0x2000003d   Data           1  process.o(.data)
    ShortCircuitTimer                        0x20000040   Data           4  process.o(.data)
    ShortCircuitCounter                      0x20000044   Data           4  process.o(.data)
    ShortCircuitLastTime                     0x20000048   Data           4  process.o(.data)
    RegisterA                                0x2000004c   Data           1  process.o(.data)
    RegisterB                                0x2000004d   Data           1  process.o(.data)
    RegisterA_Comfirm                        0x2000004e   Data           1  process.o(.data)
    OUT                                      0x2000004f   Data           1  process.o(.data)
    S                                        0x20000050   Data           8  process.o(.data)
    SXA_B                                    0x20000058   Data           8  process.o(.data)
    SYA_B                                    0x20000060   Data           8  process.o(.data)
    SZA_B                                    0x20000068   Data           8  process.o(.data)
    X                                        0x20000070   Data           4  process.o(.data)
    Y                                        0x20000074   Data           4  process.o(.data)
    Z                                        0x20000078   Data           4  process.o(.data)
    BIG                                      0x2000007c   Data           4  process.o(.data)
    SelfLADC                                 0x20000080   Data           4  process.o(.data)
    SelfGetADCWell                           0x20000084   Data           1  process.o(.data)
    temppp                                   0x20000088   Data           4  process.o(.data)
    CurrentPWM                               0x2000008c   Data           1  process.o(.data)
    S_Last                                   0x20000090   Data           4  process.o(.data)
    S_Current                                0x20000094   Data           4  process.o(.data)
    S_History                                0x20000098   Data           4  process.o(.data)
    S_FINAL                                  0x2000009c   Data           4  process.o(.data)
    CICurrentThreshold                       0x200000a0   Data           4  process.o(.data)
    MAKCurrentThreshold                      0x200000a4   Data           4  process.o(.data)
    RegisterACounter                         0x200000a8   Data           4  process.o(.data)
    KeyTime                                  0x200000ac   Data           1  process.o(.data)
    key_counter                              0x200000ae   Data           2  process.o(.data)
    scan_tick                                0x200000b0   Data           2  process.o(.data)
    KeyIndex                                 0x200000b2   Data           1  process.o(.data)
    FLASHData                                0x200000b4   Data           4  process.o(.data)
    EnterSelfFlag                            0x200000b8   Data           1  process.o(.data)
    DX_Max                                   0x200000ba   Data           2  process.o(.data)
    DX_Min                                   0x200000bc   Data           2  process.o(.data)
    DX_Index                                 0x200000be   Data           1  process.o(.data)
    DX                                       0x200000c0   Data           4  process.o(.data)
    DX2_Max                                  0x200000c4   Data           2  process.o(.data)
    DX2_Min                                  0x200000c6   Data           2  process.o(.data)
    DX2_Index                                0x200000c8   Data           1  process.o(.data)
    DX2                                      0x200000cc   Data           4  process.o(.data)
    GoodBadTime                              0x200000d0   Data           2  process.o(.data)
    RegisterA_1Counter                       0x200000d2   Data           1  process.o(.data)
    RegisterA_0Counter                       0x200000d3   Data           1  process.o(.data)
    PWM_Low_Or_HighFlag                      0x200000d4   Data           1  process.o(.data)
    X_1                                      0x200000d8   Data           4  process.o(.data)
    X_2                                      0x200000dc   Data           4  process.o(.data)
    X1                                       0x200000e0   Data           4  process.o(.data)
    X2                                       0x200000e4   Data           4  process.o(.data)
    X_Final                                  0x200000e8   Data           4  process.o(.data)
    X_Final_Max                              0x200000ec   Data           4  process.o(.data)
    X_Final_Min                              0x200000f0   Data           4  process.o(.data)
    X_Index                                  0x200000f4   Data           1  process.o(.data)
    OUT1_ModeFlashChannel                    0x200000f8   Data           8  flash.o(.data)
    OUT1_ValueFlashChannel                   0x20000100   Data           8  flash.o(.data)
    CSVFlashChannel                          0x20000108   Data           8  flash.o(.data)
    Threshold_ModeFlashChannel               0x20000110   Data           8  flash.o(.data)
    DACOUT_ModeFlashChannel                  0x20000118   Data           8  flash.o(.data)
    KEY_ModeFlashChannel                     0x20000120   Data           8  flash.o(.data)
    RegisterB_ModeFlashChannel               0x20000128   Data           8  flash.o(.data)
    DEL_ModeFlashChannel                     0x20000130   Data           8  flash.o(.data)
    HI_ModeFlashChannel                      0x20000138   Data           8  flash.o(.data)
    LO_ModeFlashChannel                      0x20000140   Data           8  flash.o(.data)
    DETECT_ModeFlashChannel                  0x20000148   Data           8  flash.o(.data)
    tempflashdata                            0x20000150   Data           4  flash.o(.data)
    adc_dma_tab                              0x20000164   Data          12  main.o(.bss)
    sample_1                                 0x20000170   Data         256  main.o(.bss)
    sample_2                                 0x20000270   Data         256  main.o(.bss)
    sample_3                                 0x20000370   Data         256  main.o(.bss)
    sample_4                                 0x20000470   Data         256  main.o(.bss)
    sample_5                                 0x20000570   Data         256  main.o(.bss)
    sample_6                                 0x20000670   Data         256  main.o(.bss)
    SysClock                                 0x20000770   Data          40  main.o(.bss)
    D                                        0x20000798   Data          12  main.o(.bss)
    DX_Data                                  0x200007a4   Data          32  process.o(.bss)
    DX2_Data                                 0x200007c4   Data          16  process.o(.bss)
    __initial_sp                             0x20000bd8   Data           0  startup_stm32f0xx_ld.o(STACK)



==============================================================================

Memory Map of the image

  Image Entry point : 0x080000b1

  Load Region LR_IROM1 (Base: 0x08000000, Size: 0x00002170, Max: 0x00004000, ABSOLUTE, COMPRESSED[0x00002038])

    Execution Region ER_IROM1 (Base: 0x08000000, Size: 0x0000200c, Max: 0x00004000, ABSOLUTE)

    Base Addr    Size         Type   Attr      Idx    E Section Name        Object

    0x08000000   0x000000b0   Data   RO         4125    RESET               startup_stm32f0xx_ld.o
    0x080000b0   0x00000000   Code   RO         4130  * .ARM.Collect$$$$00000000  mc_p.l(entry.o)
    0x080000b0   0x00000004   Code   RO         4143    .ARM.Collect$$$$00000001  mc_p.l(entry2.o)
    0x080000b4   0x00000004   Code   RO         4146    .ARM.Collect$$$$00000004  mc_p.l(entry5.o)
    0x080000b8   0x00000000   Code   RO         4148    .ARM.Collect$$$$00000008  mc_p.l(entry7b.o)
    0x080000b8   0x00000000   Code   RO         4150    .ARM.Collect$$$$0000000A  mc_p.l(entry8b.o)
    0x080000b8   0x00000008   Code   RO         4151    .ARM.Collect$$$$0000000B  mc_p.l(entry9a.o)
    0x080000c0   0x00000000   Code   RO         4153    .ARM.Collect$$$$0000000D  mc_p.l(entry10a.o)
    0x080000c0   0x00000000   Code   RO         4155    .ARM.Collect$$$$0000000F  mc_p.l(entry11a.o)
    0x080000c0   0x00000004   Code   RO         4144    .ARM.Collect$$$$00002712  mc_p.l(entry2.o)
    0x080000c4   0x00000058   Code   RO         4126    .text               startup_stm32f0xx_ld.o
    0x0800011c   0x0000002c   Code   RO         4133    .text               mc_p.l(uidiv.o)
    0x08000148   0x00000164   Code   RO         4135    .text               mf_p.l(dadd.o)
    0x080002ac   0x000000d0   Code   RO         4137    .text               mf_p.l(dmul.o)
    0x0800037c   0x00000028   Code   RO         4139    .text               mf_p.l(dflti.o)
    0x080003a4   0x00000048   Code   RO         4141    .text               mf_p.l(dfixi.o)
    0x080003ec   0x00000020   Code   RO         4157    .text               mc_p.l(llshl.o)
    0x0800040c   0x00000022   Code   RO         4159    .text               mc_p.l(llushr.o)
    0x0800042e   0x00000026   Code   RO         4161    .text               mc_p.l(llsshr.o)
    0x08000454   0x00000000   Code   RO         4163    .text               mc_p.l(iusefp.o)
    0x08000454   0x000000be   Code   RO         4164    .text               mf_p.l(depilogue.o)
    0x08000512   0x00000002   PAD
    0x08000514   0x00000024   Code   RO         4168    .text               mc_p.l(init.o)
    0x08000538   0x0000003a   Code   RO         4178    .text               mc_p.l(__dczerorl.o)
    0x08000572   0x00000018   Code   RO          506    i.ADC_ChannelConfig  stm32f0xx_adc.o
    0x0800058a   0x00000018   Code   RO          510    i.ADC_Cmd           stm32f0xx_adc.o
    0x080005a2   0x00000018   Code   RO          512    i.ADC_DMACmd        stm32f0xx_adc.o
    0x080005ba   0x00000010   Code   RO          513    i.ADC_DMARequestModeConfig  stm32f0xx_adc.o
    0x080005ca   0x00000002   PAD
    0x080005cc   0x00000020   Code   RO          514    i.ADC_DeInit        stm32f0xx_adc.o
    0x080005ec   0x0000003c   Code   RO          516    i.ADC_GetCalibrationFactor  stm32f0xx_adc.o
    0x08000628   0x00000030   Code   RO          518    i.ADC_GetFlagStatus  stm32f0xx_adc.o
    0x08000658   0x0000002c   Code   RO          521    i.ADC_Init          stm32f0xx_adc.o
    0x08000684   0x0000001c   Code   RO          523    i.ADC_OverrunModeCmd  stm32f0xx_adc.o
    0x080006a0   0x0000000a   Code   RO          524    i.ADC_StartOfConversion  stm32f0xx_adc.o
    0x080006aa   0x00000010   Code   RO          526    i.ADC_StructInit    stm32f0xx_adc.o
    0x080006ba   0x00000020   Code   RO          147    i.BSP_init          main.o
    0x080006da   0x00000002   PAD
    0x080006dc   0x0000004c   Code   RO          148    i.DMA1_Channel1_IRQHandler  main.o
    0x08000728   0x00000020   Code   RO         1417    i.DMA_ClearITPendingBit  stm32f0xx_dma.o
    0x08000748   0x0000001c   Code   RO         1418    i.DMA_Cmd           stm32f0xx_dma.o
    0x08000764   0x00000164   Code   RO         1419    i.DMA_DeInit        stm32f0xx_dma.o
    0x080008c8   0x00000034   Code   RO         1422    i.DMA_GetITStatus   stm32f0xx_dma.o
    0x080008fc   0x00000014   Code   RO         1423    i.DMA_ITConfig      stm32f0xx_dma.o
    0x08000910   0x00000040   Code   RO         1424    i.DMA_Init          stm32f0xx_dma.o
    0x08000950   0x0000001a   Code   RO         1427    i.DMA_StructInit    stm32f0xx_dma.o
    0x0800096a   0x00000002   PAD
    0x0800096c   0x00000034   Code   RO          357    i.DataProcess       process.o
    0x080009a0   0x00000012   Code   RO          149    i.DelaymsSet        main.o
    0x080009b2   0x00000002   PAD
    0x080009b4   0x0000000c   Code   RO         1564    i.FLASH_ClearFlag   stm32f0xx_flash.o
    0x080009c0   0x0000004c   Code   RO         1566    i.FLASH_ErasePage   stm32f0xx_flash.o
    0x08000a0c   0x0000003c   Code   RO         1569    i.FLASH_GetStatus   stm32f0xx_flash.o
    0x08000a48   0x00000014   Code   RO         1571    i.FLASH_Lock        stm32f0xx_flash.o
    0x08000a5c   0x0000006c   Code   RO         1591    i.FLASH_ProgramWord  stm32f0xx_flash.o
    0x08000ac8   0x00000024   Code   RO         1593    i.FLASH_Unlock      stm32f0xx_flash.o
    0x08000aec   0x00000028   Code   RO         1594    i.FLASH_WaitForLastOperation  stm32f0xx_flash.o
    0x08000b14   0x0000005c   Code   RO          150    i.FlashCheck        main.o
    0x08000b70   0x000000b4   Code   RO          151    i.Formula_100       main.o
    0x08000c24   0x00000032   Code   RO          153    i.GPIO_DEINIT_ALL   main.o
    0x08000c56   0x00000082   Code   RO          154    i.GPIO_INIT         main.o
    0x08000cd8   0x00000090   Code   RO         1765    i.GPIO_Init         stm32f0xx_gpio.o
    0x08000d68   0x0000005c   Code   RO          155    i.GPIO_PWMOUT_Config  main.o
    0x08000dc4   0x00000014   Code   RO         1769    i.GPIO_ReadInputDataBit  stm32f0xx_gpio.o
    0x08000dd8   0x00000004   Code   RO         1772    i.GPIO_ResetBits    stm32f0xx_gpio.o
    0x08000ddc   0x00000004   Code   RO         1773    i.GPIO_SetBits      stm32f0xx_gpio.o
    0x08000de0   0x00000018   Code   RO         1774    i.GPIO_StructInit   stm32f0xx_gpio.o
    0x08000df8   0x00000002   Code   RO          358    i.GetEEPROM         process.o
    0x08000dfa   0x00000026   Code   RO          359    i.GetKGStatus       process.o
    0x08000e20   0x0000027c   Code   RO          360    i.GetRegisterAState  process.o
    0x0800109c   0x0000012c   Code   RO          361    i.HIGH_PWM_OUT      process.o
    0x080011c8   0x00000004   Code   RO            3    i.HardFault_Handler  stm32f0xx_it.o
    0x080011cc   0x00000034   Code   RO          156    i.IWDG_Config       main.o
    0x08001200   0x00000010   Code   RO         2122    i.IWDG_Enable       stm32f0xx_iwdg.o
    0x08001210   0x00000010   Code   RO         2124    i.IWDG_ReloadCounter  stm32f0xx_iwdg.o
    0x08001220   0x0000000c   Code   RO         2125    i.IWDG_SetPrescaler  stm32f0xx_iwdg.o
    0x0800122c   0x0000000c   Code   RO         2126    i.IWDG_SetReload    stm32f0xx_iwdg.o
    0x08001238   0x0000000c   Code   RO         2128    i.IWDG_WriteAccessCmd  stm32f0xx_iwdg.o
    0x08001244   0x00000020   Code   RO          455    i.InitInternalFlash  flash.o
    0x08001264   0x0000012c   Code   RO          362    i.LOW_PWM_OUT       process.o
    0x08001390   0x00000002   Code   RO            4    i.NMI_Handler       stm32f0xx_it.o
    0x08001392   0x00000002   PAD
    0x08001394   0x00000070   Code   RO         2178    i.NVIC_Init         stm32f0xx_misc.o
    0x08001404   0x00000034   Code   RO          363    i.PWM_HighUs_Set    process.o
    0x08001438   0x00000030   Code   RO          364    i.PWM_LowUs_Set     process.o
    0x08001468   0x00000002   Code   RO            5    i.PendSV_Handler    stm32f0xx_it.o
    0x0800146a   0x00000002   PAD
    0x0800146c   0x0000005c   Code   RO          157    i.ProgramCheck      main.o
    0x080014c8   0x00000038   Code   RO         2284    i.RCC_ADCCLKConfig  stm32f0xx_rcc.o
    0x08001500   0x00000020   Code   RO         2285    i.RCC_AHBPeriphClockCmd  stm32f0xx_rcc.o
    0x08001520   0x00000020   Code   RO         2287    i.RCC_APB1PeriphClockCmd  stm32f0xx_rcc.o
    0x08001540   0x00000020   Code   RO         2288    i.RCC_APB1PeriphResetCmd  stm32f0xx_rcc.o
    0x08001560   0x00000020   Code   RO         2289    i.RCC_APB2PeriphClockCmd  stm32f0xx_rcc.o
    0x08001580   0x00000020   Code   RO         2290    i.RCC_APB2PeriphResetCmd  stm32f0xx_rcc.o
    0x080015a0   0x00000014   Code   RO         2295    i.RCC_ClearFlag     stm32f0xx_rcc.o
    0x080015b4   0x00000038   Code   RO          158    i.RCC_Configuration  main.o
    0x080015ec   0x00000248   Code   RO         2299    i.RCC_GetClocksFreq  stm32f0xx_rcc.o
    0x08001834   0x00000048   Code   RO         2300    i.RCC_GetFlagStatus  stm32f0xx_rcc.o
    0x0800187c   0x00000010   Code   RO         2302    i.RCC_GetSYSCLKSource  stm32f0xx_rcc.o
    0x0800188c   0x00000028   Code   RO         2316    i.RCC_PLLCmd        stm32f0xx_rcc.o
    0x080018b4   0x00000024   Code   RO         2317    i.RCC_PLLConfig     stm32f0xx_rcc.o
    0x080018d8   0x0000001c   Code   RO         2321    i.RCC_SYSCLKConfig  stm32f0xx_rcc.o
    0x080018f4   0x00000030   Code   RO          456    i.ReadFlash         flash.o
    0x08001924   0x00000002   Code   RO          365    i.ResetParameter    process.o
    0x08001926   0x00000002   Code   RO            6    i.SVC_Handler       stm32f0xx_it.o
    0x08001928   0x000000d8   Code   RO         4088    i.SetSysClock       system_stm32f0xx.o
    0x08001a00   0x00000002   Code   RO            7    i.SysTick_Handler   stm32f0xx_it.o
    0x08001a02   0x00000002   PAD
    0x08001a04   0x0000007c   Code   RO         4090    i.SystemInit        system_stm32f0xx.o
    0x08001a80   0x00000054   Code   RO          159    i.TIM14_Config      main.o
    0x08001ad4   0x0000003c   Code   RO          160    i.TIM14_IRQHandler  main.o
    0x08001b10   0x0000003c   Code   RO          161    i.TIM1_BRK_UP_TRG_COM_IRQHandler  main.o
    0x08001b4c   0x00000018   Code   RO          164    i.TIM2_IRQHandler   main.o
    0x08001b64   0x00000058   Code   RO          166    i.TIM3_Config       main.o
    0x08001bbc   0x0000001c   Code   RO          167    i.TIM3_IRQHandler   main.o
    0x08001bd8   0x00000006   Code   RO         3160    i.TIM_ClearFlag     stm32f0xx_tim.o
    0x08001bde   0x00000006   Code   RO         3161    i.TIM_ClearITPendingBit  stm32f0xx_tim.o
    0x08001be4   0x0000001c   Code   RO         3166    i.TIM_Cmd           stm32f0xx_tim.o
    0x08001c00   0x00000104   Code   RO         3171    i.TIM_DeInit        stm32f0xx_tim.o
    0x08001d04   0x00000006   Code   RO         3185    i.TIM_GetCounter    stm32f0xx_tim.o
    0x08001d0a   0x00000026   Code   RO         3187    i.TIM_GetITStatus   stm32f0xx_tim.o
    0x08001d30   0x00000004   Code   RO         3233    i.TIM_SetCounter    stm32f0xx_tim.o
    0x08001d34   0x0000007c   Code   RO         3239    i.TIM_TimeBaseInit  stm32f0xx_tim.o
    0x08001db0   0x00000012   Code   RO         3240    i.TIM_TimeBaseStructInit  stm32f0xx_tim.o
    0x08001dc2   0x00000002   PAD
    0x08001dc4   0x00000040   Code   RO          457    i.WriteFlash        flash.o
    0x08001e04   0x00000024   Code   RO          458    i.WriteInternalFlash  flash.o
    0x08001e28   0x0000002e   Code   RO         4166    i.__ARM_clz         mf_p.l(depilogue.o)
    0x08001e56   0x0000000e   Code   RO         4172    i.__scatterload_copy  mc_p.l(handlers.o)
    0x08001e64   0x00000002   Code   RO         4173    i.__scatterload_null  mc_p.l(handlers.o)
    0x08001e66   0x0000000e   Code   RO         4174    i.__scatterload_zeroinit  mc_p.l(handlers.o)
    0x08001e74   0x00000078   Code   RO          172    i.adc_config        main.o
    0x08001eec   0x0000008c   Code   RO          173    i.adc_dma_init      main.o
    0x08001f78   0x00000030   Code   RO          174    i.adc_gpio_init     main.o
    0x08001fa8   0x00000040   Code   RO          176    i.main              main.o
    0x08001fe8   0x00000002   Code   RO          368    i.scan_key          process.o
    0x08001fea   0x00000002   PAD
    0x08001fec   0x00000020   Data   RO         4170    Region$$Table       anon$$obj.o


    Execution Region RW_IRAM1 (Base: 0x20000000, Size: 0x00000bd8, Max: 0x00001000, ABSOLUTE, COMPRESSED[0x0000002c])

    Base Addr    Size         Type   Attr      Idx    E Section Name        Object

    0x20000000   0x00000038   Data   RW          178    .data               main.o
    0x20000038   0x000000bd   Data   RW          370    .data               process.o
    0x200000f5   0x00000003   PAD
    0x200000f8   0x0000005c   Data   RW          459    .data               flash.o
    0x20000154   0x00000010   Data   RW         2325    .data               stm32f0xx_rcc.o
    0x20000164   0x00000640   Zero   RW          177    .bss                main.o
    0x200007a4   0x00000030   Zero   RW          369    .bss                process.o
    0x200007d4   0x00000004   PAD
    0x200007d8   0x00000400   Zero   RW         4123    STACK               startup_stm32f0xx_ld.o


==============================================================================

Image component sizes


      Code (inc. data)   RO Data    RW Data    ZI Data      Debug   Object Name

       180          8          0         92          0       3039   flash.o
      1586        144          0         56       1600      12455   main.o
      1432        154          0        189         48      10319   process.o
        88         38        176          0       1024        740   startup_stm32f0xx_ld.o
       326          8          0          0          0       7263   stm32f0xx_adc.o
       578         44          0          0          0       5960   stm32f0xx_dma.o
       352         38          0          0          0       4587   stm32f0xx_flash.o
       196          4          0          0          0       3546   stm32f0xx_gpio.o
        12          0          0          0          0     243399   stm32f0xx_it.o
        68         34          0          0          0       2670   stm32f0xx_iwdg.o
       112          6          0          0          0       1020   stm32f0xx_misc.o
      1012         82          0         16          0       9093   stm32f0xx_rcc.o
       490         70          0          0          0       6139   stm32f0xx_tim.o
       340         24          0          0          0       1381   system_stm32f0xx.o

    ----------------------------------------------------------------------
      6790        654        208        356       2676     311611   Object Totals
         0          0         32          0          0          0   (incl. Generated)
        18          0          0          3          4          0   (incl. Padding)

    ----------------------------------------------------------------------

      Code (inc. data)   RO Data    RW Data    ZI Data      Debug   Library Member Name

        58          0          0          0          0          0   __dczerorl.o
         0          0          0          0          0          0   entry.o
         0          0          0          0          0          0   entry10a.o
         0          0          0          0          0          0   entry11a.o
         8          4          0          0          0          0   entry2.o
         4          0          0          0          0          0   entry5.o
         0          0          0          0          0          0   entry7b.o
         0          0          0          0          0          0   entry8b.o
         8          4          0          0          0          0   entry9a.o
        30          0          0          0          0          0   handlers.o
        36          8          0          0          0         68   init.o
         0          0          0          0          0          0   iusefp.o
        32          0          0          0          0         68   llshl.o
        38          0          0          0          0         68   llsshr.o
        34          0          0          0          0         68   llushr.o
        44          0          0          0          0         72   uidiv.o
       356          4          0          0          0        140   dadd.o
       236          0          0          0          0        216   depilogue.o
        72         10          0          0          0         72   dfixi.o
        40          6          0          0          0         68   dflti.o
       208          6          0          0          0         88   dmul.o

    ----------------------------------------------------------------------
      1206         42          0          0          0        928   Library Totals
         2          0          0          0          0          0   (incl. Padding)

    ----------------------------------------------------------------------

      Code (inc. data)   RO Data    RW Data    ZI Data      Debug   Library Name

       292         16          0          0          0        344   mc_p.l
       912         26          0          0          0        584   mf_p.l

    ----------------------------------------------------------------------
      1206         42          0          0          0        928   Library Totals

    ----------------------------------------------------------------------

==============================================================================


      Code (inc. data)   RO Data    RW Data    ZI Data      Debug   

      7996        696        208        356       2676     308099   Grand Totals
      7996        696        208         44       2676     308099   ELF Image Totals (compressed)
      7996        696        208         44          0          0   ROM Totals

==============================================================================

    Total RO  Size (Code + RO Data)                 8204 (   8.01kB)
    Total RW  Size (RW Data + ZI Data)              3032 (   2.96kB)
    Total ROM Size (Code + RO Data + RW Data)       8248 (   8.05kB)

==============================================================================

